gm009605.c:61:6:SSD1306_ScrollRight	16	static
gm009605.c:74:6:SSD1306_ScrollLeft	16	static
gm009605.c:87:6:SSD1306_Scrolldiagright	16	static
gm009605.c:103:6:SSD1306_Scrolldiagleft	16	static
gm009605.c:119:6:SSD1306_Stopscroll	8	static
gm009605.c:126:6:SSD1306_InvertDisplay	16	static
gm009605.c:135:6:SSD1306_DrawBitmap	40	static
gm009605.c:159:9:SSD1306_Init	16	static
gm009605.c:228:6:SSD1306_UpdateScreen	16	static
gm009605.c:241:6:SSD1306_ToggleInvert	16	static
gm009605.c:253:6:SSD1306_Fill	16	static
gm009605.c:257:6:SSD1306_Mirror	16	static
gm009605.c:261:6:SSD1306_DrawPixel	24	static
gm009605.c:290:6:SSD1306_GotoXY	16	static
gm009605.c:296:6:SSD1306_Putc	32	static
gm009605.c:327:6:SSD1306_Puts	24	static
gm009605.c:345:6:SSD1306_DrawLine	40	static
gm009605.c:429:6:SSD1306_DrawRectangle	32	static
gm009605.c:454:6:SSD1306_DrawFilledRectangle	40	static
gm009605.c:481:6:SSD1306_DrawTriangle	40	static
gm009605.c:489:6:SSD1306_DrawFilledTriangle	72	static
gm009605.c:545:6:SSD1306_DrawCircle	40	static
gm009605.c:579:6:SSD1306_DrawFilledCircle	56	static
gm009605.c:612:6:SSD1306_Clear	8	static
gm009605.c:617:6:SSD1306_ON	8	static
gm009605.c:622:6:SSD1306_OFF	8	static
gm009605.c:638:6:ssd1306_I2C_Init	16	static
gm009605.c:650:6:ssd1306_I2C_WriteMulti	296	static
gm009605.c:660:6:ssd1306_I2C_Write	40	static
