core_cm0.h:623:22:__NVIC_EnableIRQ	16	static
main.c:102:5:main	8	static
main.c:145:6:SystemClock_Config	104	static
main.c:185:13:MX_I2C1_Init	8	static
main.c:206:13:MX_USART1_UART_Init	8	static
main.c:229:13:MX_USART2_UART_Init	8	static
main.c:250:13:MX_GPIO_Init	48	static
main.c:291:6:Start_command_reader	16	static
main.c:297:6:display_horse	16	static
main.c:305:6:Start_user_interface	16	static
main.c:331:6:Start_keys_switcher	24	static
main.c:348:6:Start_rs485_controller	16	static
main.c:354:6:HAL_TIM_PeriodElapsedCallback	16	static
main.c:360:6:Error_Handler	8	static,ignoring_inline_asm
main.c:369:6:turn_on	16	static
main.c:373:6:turn_off	16	static
main.c:377:6:buttons_update	16	static
main.c:383:5:is_clicked	16	static
