Archive member included to satisfy reference by file (symbol)

c:/st/stm32cubeide_1.5.1/stm32cubeide/plugins/com.st.stm32cube.ide.mcu.externaltools.gnu-tools-for-stm32.7-2018-q2-update.win32_1.5.0.202011040924/tools/bin/../lib/gcc/arm-none-eabi/7.3.1/../../../../arm-none-eabi/lib/thumb/v6-m\libc_nano.a(lib_a-errno.o)
                              Core/Src/syscalls.o (__errno)
c:/st/stm32cubeide_1.5.1/stm32cubeide/plugins/com.st.stm32cube.ide.mcu.externaltools.gnu-tools-for-stm32.7-2018-q2-update.win32_1.5.0.202011040924/tools/bin/../lib/gcc/arm-none-eabi/7.3.1/../../../../arm-none-eabi/lib/thumb/v6-m\libc_nano.a(lib_a-exit.o)
                              c:/st/stm32cubeide_1.5.1/stm32cubeide/plugins/com.st.stm32cube.ide.mcu.externaltools.gnu-tools-for-stm32.7-2018-q2-update.win32_1.5.0.202011040924/tools/bin/../lib/gcc/arm-none-eabi/7.3.1/../../../../arm-none-eabi/lib/thumb/v6-m/crt0.o (exit)
c:/st/stm32cubeide_1.5.1/stm32cubeide/plugins/com.st.stm32cube.ide.mcu.externaltools.gnu-tools-for-stm32.7-2018-q2-update.win32_1.5.0.202011040924/tools/bin/../lib/gcc/arm-none-eabi/7.3.1/../../../../arm-none-eabi/lib/thumb/v6-m\libc_nano.a(lib_a-impure.o)
                              c:/st/stm32cubeide_1.5.1/stm32cubeide/plugins/com.st.stm32cube.ide.mcu.externaltools.gnu-tools-for-stm32.7-2018-q2-update.win32_1.5.0.202011040924/tools/bin/../lib/gcc/arm-none-eabi/7.3.1/../../../../arm-none-eabi/lib/thumb/v6-m\libc_nano.a(lib_a-exit.o) (_global_impure_ptr)
c:/st/stm32cubeide_1.5.1/stm32cubeide/plugins/com.st.stm32cube.ide.mcu.externaltools.gnu-tools-for-stm32.7-2018-q2-update.win32_1.5.0.202011040924/tools/bin/../lib/gcc/arm-none-eabi/7.3.1/../../../../arm-none-eabi/lib/thumb/v6-m\libc_nano.a(lib_a-init.o)
                              c:/st/stm32cubeide_1.5.1/stm32cubeide/plugins/com.st.stm32cube.ide.mcu.externaltools.gnu-tools-for-stm32.7-2018-q2-update.win32_1.5.0.202011040924/tools/bin/../lib/gcc/arm-none-eabi/7.3.1/../../../../arm-none-eabi/lib/thumb/v6-m/crt0.o (__libc_init_array)
c:/st/stm32cubeide_1.5.1/stm32cubeide/plugins/com.st.stm32cube.ide.mcu.externaltools.gnu-tools-for-stm32.7-2018-q2-update.win32_1.5.0.202011040924/tools/bin/../lib/gcc/arm-none-eabi/7.3.1/../../../../arm-none-eabi/lib/thumb/v6-m\libc_nano.a(lib_a-memcpy-stub.o)
                              Middlewares/Third_Party/FreeRTOS/Source/CMSIS_RTOS_V2/cmsis_os2.o (memcpy)
c:/st/stm32cubeide_1.5.1/stm32cubeide/plugins/com.st.stm32cube.ide.mcu.externaltools.gnu-tools-for-stm32.7-2018-q2-update.win32_1.5.0.202011040924/tools/bin/../lib/gcc/arm-none-eabi/7.3.1/../../../../arm-none-eabi/lib/thumb/v6-m\libc_nano.a(lib_a-memset.o)
                              c:/st/stm32cubeide_1.5.1/stm32cubeide/plugins/com.st.stm32cube.ide.mcu.externaltools.gnu-tools-for-stm32.7-2018-q2-update.win32_1.5.0.202011040924/tools/bin/../lib/gcc/arm-none-eabi/7.3.1/../../../../arm-none-eabi/lib/thumb/v6-m/crt0.o (memset)
c:/st/stm32cubeide_1.5.1/stm32cubeide/plugins/com.st.stm32cube.ide.mcu.externaltools.gnu-tools-for-stm32.7-2018-q2-update.win32_1.5.0.202011040924/tools/bin/../lib/gcc/arm-none-eabi/7.3.1/../../../../arm-none-eabi/lib/thumb/v6-m\libc_nano.a(lib_a-strlen.o)
                              Core/Src/fonts.o (strlen)
c:/st/stm32cubeide_1.5.1/stm32cubeide/plugins/com.st.stm32cube.ide.mcu.externaltools.gnu-tools-for-stm32.7-2018-q2-update.win32_1.5.0.202011040924/tools/bin/../lib/gcc/arm-none-eabi/7.3.1/thumb/v6-m\libgcc.a(_udivsi3.o)
                              Core/Src/stm32f0xx_hal_timebase_tim.o (__aeabi_uidiv)
c:/st/stm32cubeide_1.5.1/stm32cubeide/plugins/com.st.stm32cube.ide.mcu.externaltools.gnu-tools-for-stm32.7-2018-q2-update.win32_1.5.0.202011040924/tools/bin/../lib/gcc/arm-none-eabi/7.3.1/thumb/v6-m\libgcc.a(_dvmd_tls.o)
                              c:/st/stm32cubeide_1.5.1/stm32cubeide/plugins/com.st.stm32cube.ide.mcu.externaltools.gnu-tools-for-stm32.7-2018-q2-update.win32_1.5.0.202011040924/tools/bin/../lib/gcc/arm-none-eabi/7.3.1/thumb/v6-m\libgcc.a(_udivsi3.o) (__aeabi_idiv0)

Allocating common symbols
Common symbol       size              file

keys_switcherHandle
                    0x4               Core/Src/main.o
user_interfaceHandle
                    0x4               Core/Src/main.o
huart3              0x84              Core/Src/main.o
hi2c1               0x4c              Core/Src/main.o
command_readerHandle
                    0x4               Core/Src/main.o
uwTick              0x4               Drivers/STM32F0xx_HAL_Driver/Src/stm32f0xx_hal.o
xQueueRegistry      0x40              Middlewares/Third_Party/FreeRTOS/Source/queue.o
pFlash              0x20              Drivers/STM32F0xx_HAL_Driver/Src/stm32f0xx_hal_flash.o
remaining_bytes     0x1               Core/Src/stm32f0xx_it.o
xMutex              0x4               Core/Src/stm32f0xx_it.o
huart1              0x84              Core/Src/main.o
btns_clicked        0x3               Core/Src/main.o
[...]
Memory Configuration

Name             Origin             Length             Attributes
RAM              0x0000000020000000 0x0000000000004000 xrw
FLASH            0x0000000008000000 0x0000000000020000 xr
*default*        0x0000000000000000 0xffffffffffffffff

Linker script and memory map

LOAD c:/st/stm32cubeide_1.5.1/stm32cubeide/plugins/com.st.stm32cube.ide.mcu.externaltools.gnu-tools-for-stm32.7-2018-q2-update.win32_1.5.0.202011040924/tools/bin/../lib/gcc/arm-none-eabi/7.3.1/thumb/v6-m/crti.o
LOAD c:/st/stm32cubeide_1.5.1/stm32cubeide/plugins/com.st.stm32cube.ide.mcu.externaltools.gnu-tools-for-stm32.7-2018-q2-update.win32_1.5.0.202011040924/tools/bin/../lib/gcc/arm-none-eabi/7.3.1/thumb/v6-m/crtbegin.o
LOAD c:/st/stm32cubeide_1.5.1/stm32cubeide/plugins/com.st.stm32cube.ide.mcu.externaltools.gnu-tools-for-stm32.7-2018-q2-update.win32_1.5.0.202011040924/tools/bin/../lib/gcc/arm-none-eabi/7.3.1/../../../../arm-none-eabi/lib/thumb/v6-m/crt0.o
LOAD Core/Src/buttons.o
LOAD Core/Src/fonts.o
LOAD Core/Src/freertos.o
LOAD Core/Src/gm009605.o
LOAD Core/Src/main.o
LOAD Core/Src/relays.o
LOAD Core/Src/stm32f0xx_hal_msp.o
LOAD Core/Src/stm32f0xx_hal_timebase_tim.o
LOAD Core/Src/stm32f0xx_it.o
LOAD Core/Src/syscalls.o
LOAD Core/Src/sysmem.o
LOAD Core/Src/system_stm32f0xx.o
LOAD Core/Startup/startup_stm32f070cbtx.o
LOAD Drivers/STM32F0xx_HAL_Driver/Src/stm32f0xx_hal.o
LOAD Drivers/STM32F0xx_HAL_Driver/Src/stm32f0xx_hal_cortex.o
LOAD Drivers/STM32F0xx_HAL_Driver/Src/stm32f0xx_hal_dma.o
LOAD Drivers/STM32F0xx_HAL_Driver/Src/stm32f0xx_hal_exti.o
LOAD Drivers/STM32F0xx_HAL_Driver/Src/stm32f0xx_hal_flash.o
LOAD Drivers/STM32F0xx_HAL_Driver/Src/stm32f0xx_hal_flash_ex.o
LOAD Drivers/STM32F0xx_HAL_Driver/Src/stm32f0xx_hal_gpio.o
LOAD Drivers/STM32F0xx_HAL_Driver/Src/stm32f0xx_hal_i2c.o
LOAD Drivers/STM32F0xx_HAL_Driver/Src/stm32f0xx_hal_i2c_ex.o
LOAD Drivers/STM32F0xx_HAL_Driver/Src/stm32f0xx_hal_pwr.o
LOAD Drivers/STM32F0xx_HAL_Driver/Src/stm32f0xx_hal_pwr_ex.o
LOAD Drivers/STM32F0xx_HAL_Driver/Src/stm32f0xx_hal_rcc.o
LOAD Drivers/STM32F0xx_HAL_Driver/Src/stm32f0xx_hal_rcc_ex.o
LOAD Drivers/STM32F0xx_HAL_Driver/Src/stm32f0xx_hal_tim.o
LOAD Drivers/STM32F0xx_HAL_Driver/Src/stm32f0xx_hal_tim_ex.o
LOAD Drivers/STM32F0xx_HAL_Driver/Src/stm32f0xx_hal_uart.o
LOAD Drivers/STM32F0xx_HAL_Driver/Src/stm32f0xx_hal_uart_ex.o
LOAD Middlewares/Third_Party/FreeRTOS/Source/CMSIS_RTOS_V2/cmsis_os2.o
LOAD Middlewares/Third_Party/FreeRTOS/Source/croutine.o
LOAD Middlewares/Third_Party/FreeRTOS/Source/event_groups.o
LOAD Middlewares/Third_Party/FreeRTOS/Source/list.o
LOAD Middlewares/Third_Party/FreeRTOS/Source/queue.o
LOAD Middlewares/Third_Party/FreeRTOS/Source/stream_buffer.o
LOAD Middlewares/Third_Party/FreeRTOS/Source/tasks.o
LOAD Middlewares/Third_Party/FreeRTOS/Source/timers.o
LOAD Middlewares/Third_Party/FreeRTOS/Source/portable/GCC/ARM_CM0/port.o
LOAD Middlewares/Third_Party/FreeRTOS/Source/portable/MemMang/heap_4.o
START GROUP
LOAD c:/st/stm32cubeide_1.5.1/stm32cubeide/plugins/com.st.stm32cube.ide.mcu.externaltools.gnu-tools-for-stm32.7-2018-q2-update.win32_1.5.0.202011040924/tools/bin/../lib/gcc/arm-none-eabi/7.3.1/../../../../arm-none-eabi/lib/thumb/v6-m\libc_nano.a
LOAD c:/st/stm32cubeide_1.5.1/stm32cubeide/plugins/com.st.stm32cube.ide.mcu.externaltools.gnu-tools-for-stm32.7-2018-q2-update.win32_1.5.0.202011040924/tools/bin/../lib/gcc/arm-none-eabi/7.3.1/../../../../arm-none-eabi/lib/thumb/v6-m\libm.a
END GROUP
START GROUP
LOAD c:/st/stm32cubeide_1.5.1/stm32cubeide/plugins/com.st.stm32cube.ide.mcu.externaltools.gnu-tools-for-stm32.7-2018-q2-update.win32_1.5.0.202011040924/tools/bin/../lib/gcc/arm-none-eabi/7.3.1/thumb/v6-m\libgcc.a
LOAD c:/st/stm32cubeide_1.5.1/stm32cubeide/plugins/com.st.stm32cube.ide.mcu.externaltools.gnu-tools-for-stm32.7-2018-q2-update.win32_1.5.0.202011040924/tools/bin/../lib/gcc/arm-none-eabi/7.3.1/../../../../arm-none-eabi/lib/thumb/v6-m\libc_nano.a
END GROUP
START GROUP
LOAD c:/st/stm32cubeide_1.5.1/stm32cubeide/plugins/com.st.stm32cube.ide.mcu.externaltools.gnu-tools-for-stm32.7-2018-q2-update.win32_1.5.0.202011040924/tools/bin/../lib/gcc/arm-none-eabi/7.3.1/thumb/v6-m\libgcc.a
LOAD c:/st/stm32cubeide_1.5.1/stm32cubeide/plugins/com.st.stm32cube.ide.mcu.externaltools.gnu-tools-for-stm32.7-2018-q2-update.win32_1.5.0.202011040924/tools/bin/../lib/gcc/arm-none-eabi/7.3.1/../../../../arm-none-eabi/lib/thumb/v6-m\libc_nano.a
LOAD c:/st/stm32cubeide_1.5.1/stm32cubeide/plugins/com.st.stm32cube.ide.mcu.externaltools.gnu-tools-for-stm32.7-2018-q2-update.win32_1.5.0.202011040924/tools/bin/../lib/gcc/arm-none-eabi/7.3.1/../../../../arm-none-eabi/lib/thumb/v6-m\libnosys.a
END GROUP
START GROUP
LOAD c:/st/stm32cubeide_1.5.1/stm32cubeide/plugins/com.st.stm32cube.ide.mcu.externaltools.gnu-tools-for-stm32.7-2018-q2-update.win32_1.5.0.202011040924/tools/bin/../lib/gcc/arm-none-eabi/7.3.1/thumb/v6-m\libgcc.a
LOAD c:/st/stm32cubeide_1.5.1/stm32cubeide/plugins/com.st.stm32cube.ide.mcu.externaltools.gnu-tools-for-stm32.7-2018-q2-update.win32_1.5.0.202011040924/tools/bin/../lib/gcc/arm-none-eabi/7.3.1/../../../../arm-none-eabi/lib/thumb/v6-m\libc_nano.a
LOAD c:/st/stm32cubeide_1.5.1/stm32cubeide/plugins/com.st.stm32cube.ide.mcu.externaltools.gnu-tools-for-stm32.7-2018-q2-update.win32_1.5.0.202011040924/tools/bin/../lib/gcc/arm-none-eabi/7.3.1/../../../../arm-none-eabi/lib/thumb/v6-m\libnosys.a
END GROUP
LOAD c:/st/stm32cubeide_1.5.1/stm32cubeide/plugins/com.st.stm32cube.ide.mcu.externaltools.gnu-tools-for-stm32.7-2018-q2-update.win32_1.5.0.202011040924/tools/bin/../lib/gcc/arm-none-eabi/7.3.1/thumb/v6-m/crtend.o
LOAD c:/st/stm32cubeide_1.5.1/stm32cubeide/plugins/com.st.stm32cube.ide.mcu.externaltools.gnu-tools-for-stm32.7-2018-q2-update.win32_1.5.0.202011040924/tools/bin/../lib/gcc/arm-none-eabi/7.3.1/thumb/v6-m/crtn.o
                0x0000000020004000                _estack = (ORIGIN (RAM) + LENGTH (RAM))
                0x0000000000000200                _Min_Heap_Size = 0x200
                0x0000000000000400                _Min_Stack_Size = 0x400

.isr_vector     0x0000000008000000       0xc0
                0x0000000008000000                . = ALIGN (0x4)
 *(.isr_vector)
 .isr_vector    0x0000000008000000       0xc0 Core/Startup/startup_stm32f070cbtx.o
                0x0000000008000000                g_pfnVectors
                0x00000000080000c0                . = ALIGN (0x4)

.text           0x00000000080000c0     0x6070
                0x00000000080000c0                . = ALIGN (0x4)
 *(.text)
 .text          0x00000000080000c0       0x48 c:/st/stm32cubeide_1.5.1/stm32cubeide/plugins/com.st.stm32cube.ide.mcu.externaltools.gnu-tools-for-stm32.7-2018-q2-update.win32_1.5.0.202011040924/tools/bin/../lib/gcc/arm-none-eabi/7.3.1/thumb/v6-m/crtbegin.o
 .text          0x0000000008000108      0x114 c:/st/stm32cubeide_1.5.1/stm32cubeide/plugins/com.st.stm32cube.ide.mcu.externaltools.gnu-tools-for-stm32.7-2018-q2-update.win32_1.5.0.202011040924/tools/bin/../lib/gcc/arm-none-eabi/7.3.1/thumb/v6-m\libgcc.a(_udivsi3.o)
                0x0000000008000108                __aeabi_uidiv
                0x0000000008000108                __udivsi3
                0x0000000008000214                __aeabi_uidivmod
 .text          0x000000000800021c        0x4 c:/st/stm32cubeide_1.5.1/stm32cubeide/plugins/com.st.stm32cube.ide.mcu.externaltools.gnu-tools-for-stm32.7-2018-q2-update.win32_1.5.0.202011040924/tools/bin/../lib/gcc/arm-none-eabi/7.3.1/thumb/v6-m\libgcc.a(_dvmd_tls.o)
                0x000000000800021c                __aeabi_idiv0
                0x000000000800021c                __aeabi_ldiv0
 *(.text*)
 .text.add_button
                0x0000000008000220       0xaa Core/Src/buttons.o
                0x0000000008000220                add_button
 *fill*         0x00000000080002ca        0x2 
 .text.init_buttons
                0x00000000080002cc       0x48 Core/Src/buttons.o
                0x00000000080002cc                init_buttons
 .text.update_button
                0x0000000008000314       0x8c Core/Src/buttons.o
                0x0000000008000314                update_button
 .text.SSD1306_Init
                0x00000000080003a0       0x7c Core/Src/gm009605.o
                0x00000000080003a0                SSD1306_Init
 .text.SSD1306_UpdateScreen
                0x000000000800041c       0x68 Core/Src/gm009605.o
                0x000000000800041c                SSD1306_UpdateScreen
 .text.SSD1306_Fill
                0x0000000008000484       0x34 Core/Src/gm009605.o
                0x0000000008000484                SSD1306_Fill
 .text.SSD1306_Mirror
                0x00000000080004b8       0x34 Core/Src/gm009605.o
                0x00000000080004b8                SSD1306_Mirror
 .text.SSD1306_DrawPixel
                0x00000000080004ec      0x10c Core/Src/gm009605.o
                0x00000000080004ec                SSD1306_DrawPixel
 .text.SSD1306_GotoXY
                0x00000000080005f8       0x30 Core/Src/gm009605.o
                0x00000000080005f8                SSD1306_GotoXY
 .text.SSD1306_Putc
                0x0000000008000628      0x104 Core/Src/gm009605.o
                0x0000000008000628                SSD1306_Putc
 .text.SSD1306_Puts
                0x000000000800072c       0x4c Core/Src/gm009605.o
                0x000000000800072c                SSD1306_Puts
 .text.SSD1306_Clear
                0x0000000008000778       0x10 Core/Src/gm009605.o
                0x0000000008000778                SSD1306_Clear
 .text.SSD1306_ON
                0x0000000008000788       0x28 Core/Src/gm009605.o
                0x0000000008000788                SSD1306_ON
 .text.ssd1306_I2C_Init
                0x00000000080007b0       0x24 Core/Src/gm009605.o
                0x00000000080007b0                ssd1306_I2C_Init
 .text.ssd1306_I2C_WriteMulti
                0x00000000080007d4       0xfc Core/Src/gm009605.o
                0x00000000080007d4                ssd1306_I2C_WriteMulti
 .text.ssd1306_I2C_Write
                0x00000000080008d0       0x50 Core/Src/gm009605.o
                0x00000000080008d0                ssd1306_I2C_Write
 .text.__NVIC_EnableIRQ
                0x0000000008000920       0x34 Core/Src/main.o
 .text.main     0x0000000008000954       0xd8 Core/Src/main.o
                0x0000000008000954                main
 .text.SystemClock_Config
                0x0000000008000a2c       0xb4 Core/Src/main.o
                0x0000000008000a2c                SystemClock_Config
 .text.MX_I2C1_Init
                0x0000000008000ae0       0x80 Core/Src/main.o
 .text.MX_USART1_UART_Init
                0x0000000008000b60       0x84 Core/Src/main.o
 .text.MX_USART2_UART_Init
                0x0000000008000be4       0x7c Core/Src/main.o
 .text.MX_GPIO_Init
                0x0000000008000c60      0x114 Core/Src/main.o
 .text.Start_command_reader
                0x0000000008000d74       0x14 Core/Src/main.o
                0x0000000008000d74                Start_command_reader
 .text.display_horse
                0x0000000008000d88       0x40 Core/Src/main.o
                0x0000000008000d88                display_horse
 .text.Start_user_interface
                0x0000000008000dc8       0x88 Core/Src/main.o
                0x0000000008000dc8                Start_user_interface
 .text.Start_keys_switcher
                0x0000000008000e50       0x4e Core/Src/main.o
                0x0000000008000e50                Start_keys_switcher
 .text.Start_rs485_controller
                0x0000000008000e9e       0x10 Core/Src/main.o
                0x0000000008000e9e                Start_rs485_controller
 *fill*         0x0000000008000eae        0x2 
 .text.HAL_TIM_PeriodElapsedCallback
                0x0000000008000eb0       0x24 Core/Src/main.o
                0x0000000008000eb0                HAL_TIM_PeriodElapsedCallback
 .text.Error_Handler
                0x0000000008000ed4        0x8 Core/Src/main.o
                0x0000000008000ed4                Error_Handler
 .text.turn_on  0x0000000008000edc       0x3c Core/Src/main.o
                0x0000000008000edc                turn_on
 .text.turn_off
                0x0000000008000f18       0x3c Core/Src/main.o
                0x0000000008000f18                turn_off
 .text.buttons_update
                0x0000000008000f54       0x44 Core/Src/main.o
                0x0000000008000f54                buttons_update
 .text.is_clicked
                0x0000000008000f98       0x4c Core/Src/main.o
                0x0000000008000f98                is_clicked
 .text.add_relay
                0x0000000008000fe4       0x46 Core/Src/relays.o
                0x0000000008000fe4                add_relay
 *fill*         0x000000000800102a        0x2 
 .text.init_gpio_entity
                0x000000000800102c       0xb4 Core/Src/relays.o
                0x000000000800102c                init_gpio_entity
 .text.HAL_MspInit
                0x00000000080010e0       0x54 Core/Src/stm32f0xx_hal_msp.o
                0x00000000080010e0                HAL_MspInit
 .text.HAL_I2C_MspInit
                0x0000000008001134       0x9c Core/Src/stm32f0xx_hal_msp.o
                0x0000000008001134                HAL_I2C_MspInit
 .text.HAL_UART_MspInit
                0x00000000080011d0      0x18c Core/Src/stm32f0xx_hal_msp.o
                0x00000000080011d0                HAL_UART_MspInit
 .text.HAL_InitTick
                0x000000000800135c       0xb8 Core/Src/stm32f0xx_hal_timebase_tim.o
                0x000000000800135c                HAL_InitTick
 .text.NMI_Handler
                0x0000000008001414        0x6 Core/Src/stm32f0xx_it.o
                0x0000000008001414                NMI_Handler
 .text.HardFault_Handler
                0x000000000800141a        0x6 Core/Src/stm32f0xx_it.o
                0x000000000800141a                HardFault_Handler
 .text.TIM6_IRQHandler
                0x0000000008001420       0x18 Core/Src/stm32f0xx_it.o
                0x0000000008001420                TIM6_IRQHandler
 .text.init_bufferptr
                0x0000000008001438       0x20 Core/Src/stm32f0xx_it.o
                0x0000000008001438                init_bufferptr
 .text.init_sendbufferptr
                0x0000000008001458       0x28 Core/Src/stm32f0xx_it.o
                0x0000000008001458                init_sendbufferptr
 .text.send_bytes
                0x0000000008001480       0xc4 Core/Src/stm32f0xx_it.o
                0x0000000008001480                send_bytes
 .text._send_byte_from_buffer
                0x0000000008001544       0x7c Core/Src/stm32f0xx_it.o
                0x0000000008001544                _send_byte_from_buffer
 .text.is_acceptable
                0x00000000080015c0       0x8e Core/Src/stm32f0xx_it.o
                0x00000000080015c0                is_acceptable
 *fill*         0x000000000800164e        0x2 
 .text._byte_accepted
                0x0000000008001650       0x68 Core/Src/stm32f0xx_it.o
                0x0000000008001650                _byte_accepted
 .text.usart1_sending_on
                0x00000000080016b8       0x1c Core/Src/stm32f0xx_it.o
                0x00000000080016b8                usart1_sending_on
 .text.usart1_sending_off
                0x00000000080016d4       0x1c Core/Src/stm32f0xx_it.o
                0x00000000080016d4                usart1_sending_off
 .text.USART1_IRQHandler
                0x00000000080016f0       0x4c Core/Src/stm32f0xx_it.o
                0x00000000080016f0                USART1_IRQHandler
 .text.SystemInit
                0x000000000800173c        0xa Core/Src/system_stm32f0xx.o
                0x000000000800173c                SystemInit
 *fill*         0x0000000008001746        0x2 
 .text.Reset_Handler
                0x0000000008001748       0x50 Core/Startup/startup_stm32f070cbtx.o
                0x0000000008001748                Reset_Handler
 .text.Default_Handler
                0x0000000008001798        0x2 Core/Startup/startup_stm32f070cbtx.o
                0x0000000008001798                TIM1_CC_IRQHandler
                0x0000000008001798                I2C1_IRQHandler
                0x0000000008001798                SPI1_IRQHandler
                0x0000000008001798                USART3_4_IRQHandler
                0x0000000008001798                EXTI2_3_IRQHandler
                0x0000000008001798                ADC1_IRQHandler
                0x0000000008001798                I2C2_IRQHandler
                0x0000000008001798                TIM17_IRQHandler
                0x0000000008001798                RTC_IRQHandler
                0x0000000008001798                TIM16_IRQHandler
                0x0000000008001798                TIM3_IRQHandler
                0x0000000008001798                EXTI4_15_IRQHandler
                0x0000000008001798                RCC_IRQHandler
                0x0000000008001798                DMA1_Channel1_IRQHandler
                0x0000000008001798                Default_Handler
                0x0000000008001798                TIM14_IRQHandler
                0x0000000008001798                DMA1_Channel4_5_IRQHandler
                0x0000000008001798                TIM7_IRQHandler
                0x0000000008001798                TIM15_IRQHandler
                0x0000000008001798                EXTI0_1_IRQHandler
                0x0000000008001798                USB_IRQHandler
                0x0000000008001798                SPI2_IRQHandler
                0x0000000008001798                WWDG_IRQHandler
                0x0000000008001798                DMA1_Channel2_3_IRQHandler
                0x0000000008001798                USART2_IRQHandler
                0x0000000008001798                FLASH_IRQHandler
                0x0000000008001798                TIM1_BRK_UP_TRG_COM_IRQHandler
 *fill*         0x000000000800179a        0x2 
 .text.HAL_Init
                0x000000000800179c       0x28 Drivers/STM32F0xx_HAL_Driver/Src/stm32f0xx_hal.o
                0x000000000800179c                HAL_Init
 .text.HAL_IncTick
                0x00000000080017c4       0x24 Drivers/STM32F0xx_HAL_Driver/Src/stm32f0xx_hal.o
                0x00000000080017c4                HAL_IncTick
 .text.HAL_GetTick
                0x00000000080017e8       0x14 Drivers/STM32F0xx_HAL_Driver/Src/stm32f0xx_hal.o
                0x00000000080017e8                HAL_GetTick
 .text.__NVIC_EnableIRQ
                0x00000000080017fc       0x34 Drivers/STM32F0xx_HAL_Driver/Src/stm32f0xx_hal_cortex.o
 .text.__NVIC_SetPriority
                0x0000000008001830       0xdc Drivers/STM32F0xx_HAL_Driver/Src/stm32f0xx_hal_cortex.o
 .text.HAL_NVIC_SetPriority
                0x000000000800190c       0x2a Drivers/STM32F0xx_HAL_Driver/Src/stm32f0xx_hal_cortex.o
                0x000000000800190c                HAL_NVIC_SetPriority
 .text.HAL_NVIC_EnableIRQ
                0x0000000008001936       0x20 Drivers/STM32F0xx_HAL_Driver/Src/stm32f0xx_hal_cortex.o
                0x0000000008001936                HAL_NVIC_EnableIRQ
 *fill*         0x0000000008001956        0x2 
 .text.HAL_GPIO_Init
                0x0000000008001958      0x2e0 Drivers/STM32F0xx_HAL_Driver/Src/stm32f0xx_hal_gpio.o
                0x0000000008001958                HAL_GPIO_Init
 .text.HAL_GPIO_ReadPin
                0x0000000008001c38       0x3a Drivers/STM32F0xx_HAL_Driver/Src/stm32f0xx_hal_gpio.o
                0x0000000008001c38                HAL_GPIO_ReadPin
 .text.HAL_GPIO_WritePin
                0x0000000008001c72       0x3a Drivers/STM32F0xx_HAL_Driver/Src/stm32f0xx_hal_gpio.o
                0x0000000008001c72                HAL_GPIO_WritePin
 .text.HAL_I2C_Init
                0x0000000008001cac      0x12c Drivers/STM32F0xx_HAL_Driver/Src/stm32f0xx_hal_i2c.o
                0x0000000008001cac                HAL_I2C_Init
 .text.HAL_I2C_Master_Transmit
                0x0000000008001dd8      0x210 Drivers/STM32F0xx_HAL_Driver/Src/stm32f0xx_hal_i2c.o
                0x0000000008001dd8                HAL_I2C_Master_Transmit
 .text.HAL_I2C_IsDeviceReady
                0x0000000008001fe8      0x234 Drivers/STM32F0xx_HAL_Driver/Src/stm32f0xx_hal_i2c.o
                0x0000000008001fe8                HAL_I2C_IsDeviceReady
 .text.I2C_Flush_TXDR
                0x000000000800221c       0x44 Drivers/STM32F0xx_HAL_Driver/Src/stm32f0xx_hal_i2c.o
 .text.I2C_WaitOnFlagUntilTimeout
                0x0000000008002260       0x7e Drivers/STM32F0xx_HAL_Driver/Src/stm32f0xx_hal_i2c.o
 .text.I2C_WaitOnTXISFlagUntilTimeout
                0x00000000080022de       0x7e Drivers/STM32F0xx_HAL_Driver/Src/stm32f0xx_hal_i2c.o
 .text.I2C_WaitOnSTOPFlagUntilTimeout
                0x000000000800235c       0x78 Drivers/STM32F0xx_HAL_Driver/Src/stm32f0xx_hal_i2c.o
 .text.I2C_IsAcknowledgeFailed
                0x00000000080023d4       0xcc Drivers/STM32F0xx_HAL_Driver/Src/stm32f0xx_hal_i2c.o
 .text.I2C_TransferConfig
                0x00000000080024a0       0x6c Drivers/STM32F0xx_HAL_Driver/Src/stm32f0xx_hal_i2c.o
 .text.HAL_I2CEx_ConfigAnalogFilter
                0x000000000800250c       0x98 Drivers/STM32F0xx_HAL_Driver/Src/stm32f0xx_hal_i2c_ex.o
                0x000000000800250c                HAL_I2CEx_ConfigAnalogFilter
 .text.HAL_I2CEx_ConfigDigitalFilter
                0x00000000080025a4       0x98 Drivers/STM32F0xx_HAL_Driver/Src/stm32f0xx_hal_i2c_ex.o
                0x00000000080025a4                HAL_I2CEx_ConfigDigitalFilter
 .text.HAL_RCC_OscConfig
                0x000000000800263c      0x63c Drivers/STM32F0xx_HAL_Driver/Src/stm32f0xx_hal_rcc.o
                0x000000000800263c                HAL_RCC_OscConfig
 .text.HAL_RCC_ClockConfig
                0x0000000008002c78      0x19c Drivers/STM32F0xx_HAL_Driver/Src/stm32f0xx_hal_rcc.o
                0x0000000008002c78                HAL_RCC_ClockConfig
 .text.HAL_RCC_GetSysClockFreq
                0x0000000008002e14       0xcc Drivers/STM32F0xx_HAL_Driver/Src/stm32f0xx_hal_rcc.o
                0x0000000008002e14                HAL_RCC_GetSysClockFreq
 .text.HAL_RCC_GetHCLKFreq
                0x0000000008002ee0       0x14 Drivers/STM32F0xx_HAL_Driver/Src/stm32f0xx_hal_rcc.o
                0x0000000008002ee0                HAL_RCC_GetHCLKFreq
 .text.HAL_RCC_GetPCLK1Freq
                0x0000000008002ef4       0x2c Drivers/STM32F0xx_HAL_Driver/Src/stm32f0xx_hal_rcc.o
                0x0000000008002ef4                HAL_RCC_GetPCLK1Freq
 .text.HAL_RCC_GetClockConfig
                0x0000000008002f20       0x54 Drivers/STM32F0xx_HAL_Driver/Src/stm32f0xx_hal_rcc.o
                0x0000000008002f20                HAL_RCC_GetClockConfig
 .text.HAL_RCCEx_PeriphCLKConfig
                0x0000000008002f74      0x1bc Drivers/STM32F0xx_HAL_Driver/Src/stm32f0xx_hal_rcc_ex.o
                0x0000000008002f74                HAL_RCCEx_PeriphCLKConfig
 .text.HAL_TIM_Base_Init
                0x0000000008003130       0xa0 Drivers/STM32F0xx_HAL_Driver/Src/stm32f0xx_hal_tim.o
                0x0000000008003130                HAL_TIM_Base_Init
 .text.HAL_TIM_Base_MspInit
                0x00000000080031d0       0x10 Drivers/STM32F0xx_HAL_Driver/Src/stm32f0xx_hal_tim.o
                0x00000000080031d0                HAL_TIM_Base_MspInit
 .text.HAL_TIM_Base_Start_IT
                0x00000000080031e0       0x98 Drivers/STM32F0xx_HAL_Driver/Src/stm32f0xx_hal_tim.o
                0x00000000080031e0                HAL_TIM_Base_Start_IT
 .text.HAL_TIM_IRQHandler
                0x0000000008003278      0x22c Drivers/STM32F0xx_HAL_Driver/Src/stm32f0xx_hal_tim.o
                0x0000000008003278                HAL_TIM_IRQHandler
 .text.HAL_TIM_OC_DelayElapsedCallback
                0x00000000080034a4       0x10 Drivers/STM32F0xx_HAL_Driver/Src/stm32f0xx_hal_tim.o
                0x00000000080034a4                HAL_TIM_OC_DelayElapsedCallback
 .text.HAL_TIM_IC_CaptureCallback
                0x00000000080034b4       0x10 Drivers/STM32F0xx_HAL_Driver/Src/stm32f0xx_hal_tim.o
                0x00000000080034b4                HAL_TIM_IC_CaptureCallback
 .text.HAL_TIM_PWM_PulseFinishedCallback
                0x00000000080034c4       0x10 Drivers/STM32F0xx_HAL_Driver/Src/stm32f0xx_hal_tim.o
                0x00000000080034c4                HAL_TIM_PWM_PulseFinishedCallback
 .text.HAL_TIM_TriggerCallback
                0x00000000080034d4       0x10 Drivers/STM32F0xx_HAL_Driver/Src/stm32f0xx_hal_tim.o
                0x00000000080034d4                HAL_TIM_TriggerCallback
 .text.TIM_Base_SetConfig
                0x00000000080034e4       0xec Drivers/STM32F0xx_HAL_Driver/Src/stm32f0xx_hal_tim.o
                0x00000000080034e4                TIM_Base_SetConfig
 .text.HAL_TIMEx_CommutCallback
                0x00000000080035d0       0x10 Drivers/STM32F0xx_HAL_Driver/Src/stm32f0xx_hal_tim_ex.o
                0x00000000080035d0                HAL_TIMEx_CommutCallback
 .text.HAL_TIMEx_BreakCallback
                0x00000000080035e0       0x10 Drivers/STM32F0xx_HAL_Driver/Src/stm32f0xx_hal_tim_ex.o
                0x00000000080035e0                HAL_TIMEx_BreakCallback
 .text.UART_SetConfig
                0x00000000080035f0      0x2ac Drivers/STM32F0xx_HAL_Driver/Src/stm32f0xx_hal_uart.o
                0x00000000080035f0                UART_SetConfig
 .text.UART_AdvFeatureConfig
                0x000000000800389c      0x168 Drivers/STM32F0xx_HAL_Driver/Src/stm32f0xx_hal_uart.o
                0x000000000800389c                UART_AdvFeatureConfig
 .text.UART_CheckIdleState
                0x0000000008003a04       0x94 Drivers/STM32F0xx_HAL_Driver/Src/stm32f0xx_hal_uart.o
                0x0000000008003a04                UART_CheckIdleState
 .text.UART_WaitOnFlagUntilTimeout
                0x0000000008003a98       0xfc Drivers/STM32F0xx_HAL_Driver/Src/stm32f0xx_hal_uart.o
                0x0000000008003a98                UART_WaitOnFlagUntilTimeout
 .text.HAL_RS485Ex_Init
                0x0000000008003b94       0xe0 Drivers/STM32F0xx_HAL_Driver/Src/stm32f0xx_hal_uart_ex.o
                0x0000000008003b94                HAL_RS485Ex_Init
 .text.osKernelInitialize
                0x0000000008003c74       0x58 Middlewares/Third_Party/FreeRTOS/Source/CMSIS_RTOS_V2/cmsis_os2.o
                0x0000000008003c74                osKernelInitialize
 .text.osKernelStart
                0x0000000008003ccc       0x5c Middlewares/Third_Party/FreeRTOS/Source/CMSIS_RTOS_V2/cmsis_os2.o
                0x0000000008003ccc                osKernelStart
 .text.osThreadNew
                0x0000000008003d28      0x150 Middlewares/Third_Party/FreeRTOS/Source/CMSIS_RTOS_V2/cmsis_os2.o
                0x0000000008003d28                osThreadNew
 .text.osDelay  0x0000000008003e78       0x50 Middlewares/Third_Party/FreeRTOS/Source/CMSIS_RTOS_V2/cmsis_os2.o
                0x0000000008003e78                osDelay
 .text.vApplicationGetIdleTaskMemory
                0x0000000008003ec8       0x30 Middlewares/Third_Party/FreeRTOS/Source/CMSIS_RTOS_V2/cmsis_os2.o
                0x0000000008003ec8                vApplicationGetIdleTaskMemory
 .text.vApplicationGetTimerTaskMemory
                0x0000000008003ef8       0x30 Middlewares/Third_Party/FreeRTOS/Source/CMSIS_RTOS_V2/cmsis_os2.o
                0x0000000008003ef8                vApplicationGetTimerTaskMemory
 .text.vListInitialise
                0x0000000008003f28       0x3c Middlewares/Third_Party/FreeRTOS/Source/list.o
                0x0000000008003f28                vListInitialise
 .text.vListInitialiseItem
                0x0000000008003f64       0x16 Middlewares/Third_Party/FreeRTOS/Source/list.o
                0x0000000008003f64                vListInitialiseItem
 .text.vListInsertEnd
                0x0000000008003f7a       0x44 Middlewares/Third_Party/FreeRTOS/Source/list.o
                0x0000000008003f7a                vListInsertEnd
 .text.vListInsert
                0x0000000008003fbe       0x6c Middlewares/Third_Party/FreeRTOS/Source/list.o
                0x0000000008003fbe                vListInsert
 .text.uxListRemove
                0x000000000800402a       0x50 Middlewares/Third_Party/FreeRTOS/Source/list.o
                0x000000000800402a                uxListRemove
 .text.xQueueGenericReset
                0x000000000800407a       0xa8 Middlewares/Third_Party/FreeRTOS/Source/queue.o
                0x000000000800407a                xQueueGenericReset
 .text.xQueueGenericCreateStatic
                0x0000000008004122       0x96 Middlewares/Third_Party/FreeRTOS/Source/queue.o
                0x0000000008004122                xQueueGenericCreateStatic
 .text.prvInitialiseNewQueue
                0x00000000080041b8       0x4e Middlewares/Third_Party/FreeRTOS/Source/queue.o
 .text.xQueueGenericSend
                0x0000000008004206      0x188 Middlewares/Third_Party/FreeRTOS/Source/queue.o
                0x0000000008004206                xQueueGenericSend
 .text.xQueueGenericSendFromISR
                0x000000000800438e       0xe2 Middlewares/Third_Party/FreeRTOS/Source/queue.o
                0x000000000800438e                xQueueGenericSendFromISR
 .text.xQueueReceive
                0x0000000008004470      0x16a Middlewares/Third_Party/FreeRTOS/Source/queue.o
                0x0000000008004470                xQueueReceive
 .text.prvCopyDataToQueue
                0x00000000080045da       0xd6 Middlewares/Third_Party/FreeRTOS/Source/queue.o
 .text.prvCopyDataFromQueue
                0x00000000080046b0       0x4c Middlewares/Third_Party/FreeRTOS/Source/queue.o
 .text.prvUnlockQueue
                0x00000000080046fc       0xbc Middlewares/Third_Party/FreeRTOS/Source/queue.o
 .text.prvIsQueueEmpty
                0x00000000080047b8       0x2c Middlewares/Third_Party/FreeRTOS/Source/queue.o
 .text.prvIsQueueFull
                0x00000000080047e4       0x30 Middlewares/Third_Party/FreeRTOS/Source/queue.o
 .text.vQueueAddToRegistry
                0x0000000008004814       0x50 Middlewares/Third_Party/FreeRTOS/Source/queue.o
                0x0000000008004814                vQueueAddToRegistry
 .text.vQueueWaitForMessageRestricted
                0x0000000008004864       0x66 Middlewares/Third_Party/FreeRTOS/Source/queue.o
                0x0000000008004864                vQueueWaitForMessageRestricted
 .text.xTaskCreateStatic
                0x00000000080048ca       0x86 Middlewares/Third_Party/FreeRTOS/Source/tasks.o
                0x00000000080048ca                xTaskCreateStatic
 .text.xTaskCreate
                0x0000000008004950       0x98 Middlewares/Third_Party/FreeRTOS/Source/tasks.o
                0x0000000008004950                xTaskCreate
 .text.prvInitialiseNewTask
                0x00000000080049e8      0x104 Middlewares/Third_Party/FreeRTOS/Source/tasks.o
 .text.prvAddNewTaskToReadyList
                0x0000000008004aec       0xd0 Middlewares/Third_Party/FreeRTOS/Source/tasks.o
 .text.vTaskDelay
                0x0000000008004bbc       0x4c Middlewares/Third_Party/FreeRTOS/Source/tasks.o
                0x0000000008004bbc                vTaskDelay
 .text.vTaskStartScheduler
                0x0000000008004c08       0xa8 Middlewares/Third_Party/FreeRTOS/Source/tasks.o
                0x0000000008004c08                vTaskStartScheduler
 .text.vTaskSuspendAll
                0x0000000008004cb0       0x18 Middlewares/Third_Party/FreeRTOS/Source/tasks.o
                0x0000000008004cb0                vTaskSuspendAll
 .text.xTaskResumeAll
                0x0000000008004cc8      0x118 Middlewares/Third_Party/FreeRTOS/Source/tasks.o
                0x0000000008004cc8                xTaskResumeAll
 .text.xTaskGetTickCount
                0x0000000008004de0       0x1c Middlewares/Third_Party/FreeRTOS/Source/tasks.o
                0x0000000008004de0                xTaskGetTickCount
 .text.xTaskIncrementTick
                0x0000000008004dfc      0x168 Middlewares/Third_Party/FreeRTOS/Source/tasks.o
                0x0000000008004dfc                xTaskIncrementTick
 .text.vTaskSwitchContext
                0x0000000008004f64       0xa4 Middlewares/Third_Party/FreeRTOS/Source/tasks.o
                0x0000000008004f64                vTaskSwitchContext
 .text.vTaskPlaceOnEventList
                0x0000000008005008       0x3c Middlewares/Third_Party/FreeRTOS/Source/tasks.o
                0x0000000008005008                vTaskPlaceOnEventList
 .text.vTaskPlaceOnEventListRestricted
                0x0000000008005044       0x4c Middlewares/Third_Party/FreeRTOS/Source/tasks.o
                0x0000000008005044                vTaskPlaceOnEventListRestricted
 .text.xTaskRemoveFromEventList
                0x0000000008005090       0xb8 Middlewares/Third_Party/FreeRTOS/Source/tasks.o
                0x0000000008005090                xTaskRemoveFromEventList
 .text.vTaskInternalSetTimeOutState
                0x0000000008005148       0x28 Middlewares/Third_Party/FreeRTOS/Source/tasks.o
                0x0000000008005148                vTaskInternalSetTimeOutState
 .text.xTaskCheckForTimeOut
                0x0000000008005170       0xa0 Middlewares/Third_Party/FreeRTOS/Source/tasks.o
                0x0000000008005170                xTaskCheckForTimeOut
 .text.vTaskMissedYield
                0x0000000008005210       0x14 Middlewares/Third_Party/FreeRTOS/Source/tasks.o
                0x0000000008005210                vTaskMissedYield
 .text.prvIdleTask
                0x0000000008005224       0x20 Middlewares/Third_Party/FreeRTOS/Source/tasks.o
 .text.prvInitialiseTaskLists
                0x0000000008005244       0x88 Middlewares/Third_Party/FreeRTOS/Source/tasks.o
 .text.prvCheckTasksWaitingTermination
                0x00000000080052cc       0x5c Middlewares/Third_Party/FreeRTOS/Source/tasks.o
 .text.prvDeleteTCB
                0x0000000008005328       0x50 Middlewares/Third_Party/FreeRTOS/Source/tasks.o
 .text.prvResetNextTaskUnblockTime
                0x0000000008005378       0x48 Middlewares/Third_Party/FreeRTOS/Source/tasks.o
 .text.xTaskGetSchedulerState
                0x00000000080053c0       0x38 Middlewares/Third_Party/FreeRTOS/Source/tasks.o
                0x00000000080053c0                xTaskGetSchedulerState
 .text.xTaskPriorityDisinherit
                0x00000000080053f8       0xb8 Middlewares/Third_Party/FreeRTOS/Source/tasks.o
                0x00000000080053f8                xTaskPriorityDisinherit
 .text.prvAddCurrentTaskToDelayedList
                0x00000000080054b0       0xa8 Middlewares/Third_Party/FreeRTOS/Source/tasks.o
 .text.xTimerCreateTimerTask
                0x0000000008005558       0x7c Middlewares/Third_Party/FreeRTOS/Source/timers.o
                0x0000000008005558                xTimerCreateTimerTask
 .text.xTimerGenericCommand
                0x00000000080055d4       0x98 Middlewares/Third_Party/FreeRTOS/Source/timers.o
                0x00000000080055d4                xTimerGenericCommand
 .text.prvProcessExpiredTimer
                0x000000000800566c       0x70 Middlewares/Third_Party/FreeRTOS/Source/timers.o
 .text.prvTimerTask
                0x00000000080056dc       0x28 Middlewares/Third_Party/FreeRTOS/Source/timers.o
 .text.prvProcessTimerOrBlockTask
                0x0000000008005704       0x8c Middlewares/Third_Party/FreeRTOS/Source/timers.o
 .text.prvGetNextExpireTime
                0x0000000008005790       0x40 Middlewares/Third_Party/FreeRTOS/Source/timers.o
 .text.prvSampleTimeNow
                0x00000000080057d0       0x40 Middlewares/Third_Party/FreeRTOS/Source/timers.o
 .text.prvInsertTimerInActiveList
                0x0000000008005810       0x84 Middlewares/Third_Party/FreeRTOS/Source/timers.o
 .text.prvProcessReceivedCommands
                0x0000000008005894      0x134 Middlewares/Third_Party/FreeRTOS/Source/timers.o
 .text.prvSwitchTimerLists
                0x00000000080059c8       0xb4 Middlewares/Third_Party/FreeRTOS/Source/timers.o
 .text.prvCheckForValidListAndQueue
                0x0000000008005a7c       0x88 Middlewares/Third_Party/FreeRTOS/Source/timers.o
 .text.pxPortInitialiseStack
                0x0000000008005b04       0x54 Middlewares/Third_Party/FreeRTOS/Source/portable/GCC/ARM_CM0/port.o
                0x0000000008005b04                pxPortInitialiseStack
 .text.prvTaskExitError
                0x0000000008005b58       0x2c Middlewares/Third_Party/FreeRTOS/Source/portable/GCC/ARM_CM0/port.o
 .text.SVC_Handler
                0x0000000008005b84        0xa Middlewares/Third_Party/FreeRTOS/Source/portable/GCC/ARM_CM0/port.o
                0x0000000008005b84                SVC_Handler
 *fill*         0x0000000008005b8e        0x2 
 .text.vPortStartFirstTask
                0x0000000008005b90       0x38 Middlewares/Third_Party/FreeRTOS/Source/portable/GCC/ARM_CM0/port.o
 .text.xPortStartScheduler
                0x0000000008005bc8       0x48 Middlewares/Third_Party/FreeRTOS/Source/portable/GCC/ARM_CM0/port.o
                0x0000000008005bc8                xPortStartScheduler
 .text.vPortYield
                0x0000000008005c10       0x20 Middlewares/Third_Party/FreeRTOS/Source/portable/GCC/ARM_CM0/port.o
                0x0000000008005c10                vPortYield
 .text.vPortEnterCritical
                0x0000000008005c30       0x24 Middlewares/Third_Party/FreeRTOS/Source/portable/GCC/ARM_CM0/port.o
                0x0000000008005c30                vPortEnterCritical
 .text.vPortExitCritical
                0x0000000008005c54       0x30 Middlewares/Third_Party/FreeRTOS/Source/portable/GCC/ARM_CM0/port.o
                0x0000000008005c54                vPortExitCritical
 .text.ulSetInterruptMaskFromISR
                0x0000000008005c84        0xc Middlewares/Third_Party/FreeRTOS/Source/portable/GCC/ARM_CM0/port.o
                0x0000000008005c84                ulSetInterruptMaskFromISR
 .text.vClearInterruptMaskFromISR
                0x0000000008005c90        0x8 Middlewares/Third_Party/FreeRTOS/Source/portable/GCC/ARM_CM0/port.o
                0x0000000008005c90                vClearInterruptMaskFromISR
 *fill*         0x0000000008005c98        0x8 
 .text.PendSV_Handler
                0x0000000008005ca0       0x48 Middlewares/Third_Party/FreeRTOS/Source/portable/GCC/ARM_CM0/port.o
                0x0000000008005ca0                PendSV_Handler
 .text.SysTick_Handler
                0x0000000008005ce8       0x34 Middlewares/Third_Party/FreeRTOS/Source/portable/GCC/ARM_CM0/port.o
                0x0000000008005ce8                SysTick_Handler
 .text.prvSetupTimerInterrupt
                0x0000000008005d1c       0x44 Middlewares/Third_Party/FreeRTOS/Source/portable/GCC/ARM_CM0/port.o
 .text.pvPortMalloc
                0x0000000008005d60      0x14c Middlewares/Third_Party/FreeRTOS/Source/portable/MemMang/heap_4.o
                0x0000000008005d60                pvPortMalloc
 .text.vPortFree
                0x0000000008005eac       0x90 Middlewares/Third_Party/FreeRTOS/Source/portable/MemMang/heap_4.o
                0x0000000008005eac                vPortFree
 .text.prvHeapInit
                0x0000000008005f3c       0xc0 Middlewares/Third_Party/FreeRTOS/Source/portable/MemMang/heap_4.o
 .text.prvInsertBlockIntoFreeList
                0x0000000008005ffc       0xb0 Middlewares/Third_Party/FreeRTOS/Source/portable/MemMang/heap_4.o
 .text.__libc_init_array
                0x00000000080060ac       0x48 c:/st/stm32cubeide_1.5.1/stm32cubeide/plugins/com.st.stm32cube.ide.mcu.externaltools.gnu-tools-for-stm32.7-2018-q2-update.win32_1.5.0.202011040924/tools/bin/../lib/gcc/arm-none-eabi/7.3.1/../../../../arm-none-eabi/lib/thumb/v6-m\libc_nano.a(lib_a-init.o)
                0x00000000080060ac                __libc_init_array
 .text.memcpy   0x00000000080060f4       0x12 c:/st/stm32cubeide_1.5.1/stm32cubeide/plugins/com.st.stm32cube.ide.mcu.externaltools.gnu-tools-for-stm32.7-2018-q2-update.win32_1.5.0.202011040924/tools/bin/../lib/gcc/arm-none-eabi/7.3.1/../../../../arm-none-eabi/lib/thumb/v6-m\libc_nano.a(lib_a-memcpy-stub.o)
                0x00000000080060f4                memcpy
 .text.memset   0x0000000008006106       0x10 c:/st/stm32cubeide_1.5.1/stm32cubeide/plugins/com.st.stm32cube.ide.mcu.externaltools.gnu-tools-for-stm32.7-2018-q2-update.win32_1.5.0.202011040924/tools/bin/../lib/gcc/arm-none-eabi/7.3.1/../../../../arm-none-eabi/lib/thumb/v6-m\libc_nano.a(lib_a-memset.o)
                0x0000000008006106                memset
 *(.glue_7)
 .glue_7        0x0000000008006116        0x0 linker stubs
 *(.glue_7t)
 .glue_7t       0x0000000008006116        0x0 linker stubs
 *(.eh_frame)
 *fill*         0x0000000008006116        0x2 
 .eh_frame      0x0000000008006118        0x0 c:/st/stm32cubeide_1.5.1/stm32cubeide/plugins/com.st.stm32cube.ide.mcu.externaltools.gnu-tools-for-stm32.7-2018-q2-update.win32_1.5.0.202011040924/tools/bin/../lib/gcc/arm-none-eabi/7.3.1/thumb/v6-m/crtbegin.o
 *(.init)
 .init          0x0000000008006118        0x4 c:/st/stm32cubeide_1.5.1/stm32cubeide/plugins/com.st.stm32cube.ide.mcu.externaltools.gnu-tools-for-stm32.7-2018-q2-update.win32_1.5.0.202011040924/tools/bin/../lib/gcc/arm-none-eabi/7.3.1/thumb/v6-m/crti.o
                0x0000000008006118                _init
 .init          0x000000000800611c        0x8 c:/st/stm32cubeide_1.5.1/stm32cubeide/plugins/com.st.stm32cube.ide.mcu.externaltools.gnu-tools-for-stm32.7-2018-q2-update.win32_1.5.0.202011040924/tools/bin/../lib/gcc/arm-none-eabi/7.3.1/thumb/v6-m/crtn.o
 *(.fini)
 .fini          0x0000000008006124        0x4 c:/st/stm32cubeide_1.5.1/stm32cubeide/plugins/com.st.stm32cube.ide.mcu.externaltools.gnu-tools-for-stm32.7-2018-q2-update.win32_1.5.0.202011040924/tools/bin/../lib/gcc/arm-none-eabi/7.3.1/thumb/v6-m/crti.o
                0x0000000008006124                _fini
 .fini          0x0000000008006128        0x8 c:/st/stm32cubeide_1.5.1/stm32cubeide/plugins/com.st.stm32cube.ide.mcu.externaltools.gnu-tools-for-stm32.7-2018-q2-update.win32_1.5.0.202011040924/tools/bin/../lib/gcc/arm-none-eabi/7.3.1/thumb/v6-m/crtn.o
                0x0000000008006130                . = ALIGN (0x4)
                0x0000000008006130                _etext = .

.vfp11_veneer   0x0000000008006130        0x0
 .vfp11_veneer  0x0000000008006130        0x0 linker stubs

.v4_bx          0x0000000008006130        0x0
 .v4_bx         0x0000000008006130        0x0 linker stubs

.iplt           0x0000000008006130        0x0
 .iplt          0x0000000008006130        0x0 c:/st/stm32cubeide_1.5.1/stm32cubeide/plugins/com.st.stm32cube.ide.mcu.externaltools.gnu-tools-for-stm32.7-2018-q2-update.win32_1.5.0.202011040924/tools/bin/../lib/gcc/arm-none-eabi/7.3.1/thumb/v6-m/crtbegin.o

.rodata         0x0000000008006130     0x1634
                0x0000000008006130                . = ALIGN (0x4)
 *(.rodata)
 .rodata        0x0000000008006130       0x64 Core/Src/main.o
 .rodata        0x0000000008006194       0x20 Drivers/STM32F0xx_HAL_Driver/Src/stm32f0xx_hal_rcc.o
 .rodata        0x00000000080061b4        0x5 Middlewares/Third_Party/FreeRTOS/Source/tasks.o
 *fill*         0x00000000080061b9        0x3 
 .rodata        0x00000000080061bc        0xd Middlewares/Third_Party/FreeRTOS/Source/timers.o
 *(.rodata*)
 *fill*         0x00000000080061c9        0x3 
 .rodata.Font7x10
                0x00000000080061cc      0x76c Core/Src/fonts.o
                0x00000000080061cc                Font7x10
 .rodata.Font11x18
                0x0000000008006938      0xd5c Core/Src/fonts.o
                0x0000000008006938                Font11x18
 .rodata.command_reader_attributes
                0x0000000008007694       0x24 Core/Src/main.o
                0x0000000008007694                command_reader_attributes
 .rodata.user_interface_attributes
                0x00000000080076b8       0x24 Core/Src/main.o
                0x00000000080076b8                user_interface_attributes
 .rodata.keys_switcher_attributes
                0x00000000080076dc       0x24 Core/Src/main.o
                0x00000000080076dc                keys_switcher_attributes
 .rodata.rs485_control_attributes
                0x0000000008007700       0x24 Core/Src/main.o
                0x0000000008007700                rs485_control_attributes
 .rodata.AHBPrescTable
                0x0000000008007724       0x10 Core/Src/system_stm32f0xx.o
                0x0000000008007724                AHBPrescTable
 .rodata.APBPrescTable
                0x0000000008007734        0x8 Core/Src/system_stm32f0xx.o
                0x0000000008007734                APBPrescTable
 .rodata.prvProcessReceivedCommands
                0x000000000800773c       0x28 Middlewares/Third_Party/FreeRTOS/Source/timers.o
                0x0000000008007764                . = ALIGN (0x4)

.rel.dyn        0x0000000008007764        0x0
 .rel.iplt      0x0000000008007764        0x0 c:/st/stm32cubeide_1.5.1/stm32cubeide/plugins/com.st.stm32cube.ide.mcu.externaltools.gnu-tools-for-stm32.7-2018-q2-update.win32_1.5.0.202011040924/tools/bin/../lib/gcc/arm-none-eabi/7.3.1/thumb/v6-m/crtbegin.o

.ARM.extab      0x0000000008007764        0x0
                0x0000000008007764                . = ALIGN (0x4)
 *(.ARM.extab* .gnu.linkonce.armextab.*)
                0x0000000008007764                . = ALIGN (0x4)

.ARM            0x0000000008007764        0x0
                0x0000000008007764                . = ALIGN (0x4)
                0x0000000008007764                __exidx_start = .
 *(.ARM.exidx*)
                0x0000000008007764                __exidx_end = .
                0x0000000008007764                . = ALIGN (0x4)

.preinit_array  0x0000000008007764        0x0
                0x0000000008007764                . = ALIGN (0x4)
                0x0000000008007764                PROVIDE (__preinit_array_start = .)
 *(.preinit_array*)
                0x0000000008007764                PROVIDE (__preinit_array_end = .)
                0x0000000008007764                . = ALIGN (0x4)

.init_array     0x0000000008007764        0x4
                0x0000000008007764                . = ALIGN (0x4)
                0x0000000008007764                PROVIDE (__init_array_start = .)
 *(SORT_BY_NAME(.init_array.*))
 *(.init_array*)
 .init_array    0x0000000008007764        0x4 c:/st/stm32cubeide_1.5.1/stm32cubeide/plugins/com.st.stm32cube.ide.mcu.externaltools.gnu-tools-for-stm32.7-2018-q2-update.win32_1.5.0.202011040924/tools/bin/../lib/gcc/arm-none-eabi/7.3.1/thumb/v6-m/crtbegin.o
                0x0000000008007768                PROVIDE (__init_array_end = .)
                0x0000000008007768                . = ALIGN (0x4)

.fini_array     0x0000000008007768        0x4
                0x0000000008007768                . = ALIGN (0x4)
                [!provide]                        PROVIDE (__fini_array_start = .)
 *(SORT_BY_NAME(.fini_array.*))
 *(.fini_array*)
 .fini_array    0x0000000008007768        0x4 c:/st/stm32cubeide_1.5.1/stm32cubeide/plugins/com.st.stm32cube.ide.mcu.externaltools.gnu-tools-for-stm32.7-2018-q2-update.win32_1.5.0.202011040924/tools/bin/../lib/gcc/arm-none-eabi/7.3.1/thumb/v6-m/crtbegin.o
                [!provide]                        PROVIDE (__fini_array_end = .)
                0x000000000800776c                . = ALIGN (0x4)
                0x000000000800776c                _sidata = LOADADDR (.data)

.data           0x0000000020000000       0x1c load address 0x000000000800776c
                0x0000000020000000                . = ALIGN (0x4)
                0x0000000020000000                _sdata = .
 *(.data)
 *(.data*)
 .data.Font_7x10
                0x0000000020000000        0x8 Core/Src/fonts.o
                0x0000000020000000                Font_7x10
 .data.Font_11x18
                0x0000000020000008        0x8 Core/Src/fonts.o
                0x0000000020000008                Font_11x18
 .data.SystemCoreClock
                0x0000000020000010        0x4 Core/Src/system_stm32f0xx.o
                0x0000000020000010                SystemCoreClock
 .data.uwTickFreq
                0x0000000020000014        0x1 Drivers/STM32F0xx_HAL_Driver/Src/stm32f0xx_hal.o
                0x0000000020000014                uwTickFreq
 *fill*         0x0000000020000015        0x3 
 .data.uxCriticalNesting
                0x0000000020000018        0x4 Middlewares/Third_Party/FreeRTOS/Source/portable/GCC/ARM_CM0/port.o
 *(.RamFunc)
 *(.RamFunc*)
                0x000000002000001c                . = ALIGN (0x4)
                0x000000002000001c                _edata = .

.igot.plt       0x000000002000001c        0x0 load address 0x0000000008007788
 .igot.plt      0x000000002000001c        0x0 c:/st/stm32cubeide_1.5.1/stm32cubeide/plugins/com.st.stm32cube.ide.mcu.externaltools.gnu-tools-for-stm32.7-2018-q2-update.win32_1.5.0.202011040924/tools/bin/../lib/gcc/arm-none-eabi/7.3.1/thumb/v6-m/crtbegin.o
                0x000000002000001c                . = ALIGN (0x4)

.bss            0x000000002000001c     0x2098 load address 0x0000000008007788
                0x000000002000001c                _sbss = .
                0x000000002000001c                __bss_start__ = _sbss
 *(.bss)
 .bss           0x000000002000001c       0x1c c:/st/stm32cubeide_1.5.1/stm32cubeide/plugins/com.st.stm32cube.ide.mcu.externaltools.gnu-tools-for-stm32.7-2018-q2-update.win32_1.5.0.202011040924/tools/bin/../lib/gcc/arm-none-eabi/7.3.1/thumb/v6-m/crtbegin.o
 *(.bss*)
 .bss.SSD1306_Buffer
                0x0000000020000038      0x400 Core/Src/gm009605.o
 .bss.mirrored_x
                0x0000000020000438        0x1 Core/Src/gm009605.o
 .bss.mirrored_y
                0x0000000020000439        0x1 Core/Src/gm009605.o
 *fill*         0x000000002000043a        0x2 
 .bss.SSD1306   0x000000002000043c        0x6 Core/Src/gm009605.o
 *fill*         0x0000000020000442        0x2 
 .bss.KernelState
                0x0000000020000444        0x4 Middlewares/Third_Party/FreeRTOS/Source/CMSIS_RTOS_V2/cmsis_os2.o
 .bss.Idle_TCB  0x0000000020000448       0x5c Middlewares/Third_Party/FreeRTOS/Source/CMSIS_RTOS_V2/cmsis_os2.o
 .bss.Idle_Stack
                0x00000000200004a4      0x200 Middlewares/Third_Party/FreeRTOS/Source/CMSIS_RTOS_V2/cmsis_os2.o
 .bss.Timer_TCB
                0x00000000200006a4       0x5c Middlewares/Third_Party/FreeRTOS/Source/CMSIS_RTOS_V2/cmsis_os2.o
 .bss.Timer_Stack
                0x0000000020000700      0x400 Middlewares/Third_Party/FreeRTOS/Source/CMSIS_RTOS_V2/cmsis_os2.o
 .bss.pxCurrentTCB
                0x0000000020000b00        0x4 Middlewares/Third_Party/FreeRTOS/Source/tasks.o
                0x0000000020000b00                pxCurrentTCB
 .bss.pxReadyTasksLists
                0x0000000020000b04      0x460 Middlewares/Third_Party/FreeRTOS/Source/tasks.o
 .bss.xDelayedTaskList1
                0x0000000020000f64       0x14 Middlewares/Third_Party/FreeRTOS/Source/tasks.o
 .bss.xDelayedTaskList2
                0x0000000020000f78       0x14 Middlewares/Third_Party/FreeRTOS/Source/tasks.o
 .bss.pxDelayedTaskList
                0x0000000020000f8c        0x4 Middlewares/Third_Party/FreeRTOS/Source/tasks.o
 .bss.pxOverflowDelayedTaskList
                0x0000000020000f90        0x4 Middlewares/Third_Party/FreeRTOS/Source/tasks.o
 .bss.xPendingReadyList
                0x0000000020000f94       0x14 Middlewares/Third_Party/FreeRTOS/Source/tasks.o
 .bss.xTasksWaitingTermination
                0x0000000020000fa8       0x14 Middlewares/Third_Party/FreeRTOS/Source/tasks.o
 .bss.uxDeletedTasksWaitingCleanUp
                0x0000000020000fbc        0x4 Middlewares/Third_Party/FreeRTOS/Source/tasks.o
 .bss.xSuspendedTaskList
                0x0000000020000fc0       0x14 Middlewares/Third_Party/FreeRTOS/Source/tasks.o
 .bss.uxCurrentNumberOfTasks
                0x0000000020000fd4        0x4 Middlewares/Third_Party/FreeRTOS/Source/tasks.o
 .bss.xTickCount
                0x0000000020000fd8        0x4 Middlewares/Third_Party/FreeRTOS/Source/tasks.o
 .bss.uxTopReadyPriority
                0x0000000020000fdc        0x4 Middlewares/Third_Party/FreeRTOS/Source/tasks.o
 .bss.xSchedulerRunning
                0x0000000020000fe0        0x4 Middlewares/Third_Party/FreeRTOS/Source/tasks.o
 .bss.uxPendedTicks
                0x0000000020000fe4        0x4 Middlewares/Third_Party/FreeRTOS/Source/tasks.o
 .bss.xYieldPending
                0x0000000020000fe8        0x4 Middlewares/Third_Party/FreeRTOS/Source/tasks.o
 .bss.xNumOfOverflows
                0x0000000020000fec        0x4 Middlewares/Third_Party/FreeRTOS/Source/tasks.o
 .bss.uxTaskNumber
                0x0000000020000ff0        0x4 Middlewares/Third_Party/FreeRTOS/Source/tasks.o
 .bss.xNextTaskUnblockTime
                0x0000000020000ff4        0x4 Middlewares/Third_Party/FreeRTOS/Source/tasks.o
 .bss.xIdleTaskHandle
                0x0000000020000ff8        0x4 Middlewares/Third_Party/FreeRTOS/Source/tasks.o
 .bss.uxSchedulerSuspended
                0x0000000020000ffc        0x4 Middlewares/Third_Party/FreeRTOS/Source/tasks.o
 .bss.xActiveTimerList1
                0x0000000020001000       0x14 Middlewares/Third_Party/FreeRTOS/Source/timers.o
 .bss.xActiveTimerList2
                0x0000000020001014       0x14 Middlewares/Third_Party/FreeRTOS/Source/timers.o
 .bss.pxCurrentTimerList
                0x0000000020001028        0x4 Middlewares/Third_Party/FreeRTOS/Source/timers.o
 .bss.pxOverflowTimerList
                0x000000002000102c        0x4 Middlewares/Third_Party/FreeRTOS/Source/timers.o
 .bss.xTimerQueue
                0x0000000020001030        0x4 Middlewares/Third_Party/FreeRTOS/Source/timers.o
 .bss.xTimerTaskHandle
                0x0000000020001034        0x4 Middlewares/Third_Party/FreeRTOS/Source/timers.o
 .bss.xLastTime.5439
                0x0000000020001038        0x4 Middlewares/Third_Party/FreeRTOS/Source/timers.o
 .bss.ucStaticTimerQueueStorage.5490
                0x000000002000103c       0xa0 Middlewares/Third_Party/FreeRTOS/Source/timers.o
 .bss.xStaticTimerQueue.5489
                0x00000000200010dc       0x50 Middlewares/Third_Party/FreeRTOS/Source/timers.o
 .bss.ucHeap    0x000000002000112c      0xc00 Middlewares/Third_Party/FreeRTOS/Source/portable/MemMang/heap_4.o
 .bss.xStart    0x0000000020001d2c        0x8 Middlewares/Third_Party/FreeRTOS/Source/portable/MemMang/heap_4.o
 .bss.pxEnd     0x0000000020001d34        0x4 Middlewares/Third_Party/FreeRTOS/Source/portable/MemMang/heap_4.o
 .bss.xFreeBytesRemaining
                0x0000000020001d38        0x4 Middlewares/Third_Party/FreeRTOS/Source/portable/MemMang/heap_4.o
 .bss.xMinimumEverFreeBytesRemaining
                0x0000000020001d3c        0x4 Middlewares/Third_Party/FreeRTOS/Source/portable/MemMang/heap_4.o
 .bss.xBlockAllocatedBit
                0x0000000020001d40        0x4 Middlewares/Third_Party/FreeRTOS/Source/portable/MemMang/heap_4.o
 *(COMMON)
 COMMON         0x0000000020001d44      0x274 Core/Src/main.o
                0x0000000020001d44                keys_switcherHandle
                0x0000000020001d48                user_interfaceHandle
                0x0000000020001d4c                huart3
                0x0000000020001dd0                hi2c1
                0x0000000020001e1c                command_readerHandle
                0x0000000020001e20                huart1
                0x0000000020001ea4                btns_clicked
                0x0000000020001ea8                btns
                0x0000000020001ed0                cmd_buf
                0x0000000020001ed4                huart2
                0x0000000020001f58                rs485_controlHandle
                0x0000000020001f5c                keys
 COMMON         0x0000000020001fb8       0x48 Core/Src/stm32f0xx_hal_timebase_tim.o
                0x0000000020001fb8                htim6
 COMMON         0x0000000020002000       0x6f Core/Src/stm32f0xx_it.o
                0x0000000020002000                remaining_bytes
                0x0000000020002004                xMutex
                0x0000000020002008                stm_cmd_buffer
                0x0000000020002048                send_cursor
                0x000000002000204c                send_cycle_buffer
                0x000000002000206e                stm_cmd_cursor
 *fill*         0x000000002000206f        0x1 
 COMMON         0x0000000020002070        0x4 Drivers/STM32F0xx_HAL_Driver/Src/stm32f0xx_hal.o
                0x0000000020002070                uwTick
 COMMON         0x0000000020002074       0x40 Middlewares/Third_Party/FreeRTOS/Source/queue.o
                0x0000000020002074                xQueueRegistry
                0x00000000200020b4                . = ALIGN (0x4)
                0x00000000200020b4                _ebss = .
                0x00000000200020b4                __bss_end__ = _ebss

._user_heap_stack
                0x00000000200020b4      0x604 load address 0x0000000008007788
                0x00000000200020b8                . = ALIGN (0x8)
 *fill*         0x00000000200020b4        0x4 
                [!provide]                        PROVIDE (end = .)
                0x00000000200020b8                PROVIDE (_end = .)
                0x00000000200022b8                . = (. + _Min_Heap_Size)
 *fill*         0x00000000200020b8      0x200 
                0x00000000200026b8                . = (. + _Min_Stack_Size)
 *fill*         0x00000000200022b8      0x400 
                0x00000000200026b8                . = ALIGN (0x8)

/DISCARD/
 libc.a(*)
 libm.a(*)
 libgcc.a(*)

.ARM.attributes
                0x0000000000000000       0x28
 *(.ARM.attributes)
 .ARM.attributes
                0x0000000000000000       0x1e c:/st/stm32cubeide_1.5.1/stm32cubeide/plugins/com.st.stm32cube.ide.mcu.externaltools.gnu-tools-for-stm32.7-2018-q2-update.win32_1.5.0.202011040924/tools/bin/../lib/gcc/arm-none-eabi/7.3.1/thumb/v6-m/crti.o
 .ARM.attributes
                0x000000000000001e       0x2c c:/st/stm32cubeide_1.5.1/stm32cubeide/plugins/com.st.stm32cube.ide.mcu.externaltools.gnu-tools-for-stm32.7-2018-q2-update.win32_1.5.0.202011040924/tools/bin/../lib/gcc/arm-none-eabi/7.3.1/thumb/v6-m/crtbegin.o
 .ARM.attributes
                0x000000000000004a       0x31 Core/Src/buttons.o
 .ARM.attributes
                0x000000000000007b       0x31 Core/Src/fonts.o
 .ARM.attributes
                0x00000000000000ac       0x31 Core/Src/gm009605.o
 .ARM.attributes
                0x00000000000000dd       0x31 Core/Src/main.o
 .ARM.attributes
                0x000000000000010e       0x31 Core/Src/relays.o
 .ARM.attributes
                0x000000000000013f       0x31 Core/Src/stm32f0xx_hal_msp.o
 .ARM.attributes
                0x0000000000000170       0x31 Core/Src/stm32f0xx_hal_timebase_tim.o
 .ARM.attributes
                0x00000000000001a1       0x31 Core/Src/stm32f0xx_it.o
 .ARM.attributes
                0x00000000000001d2       0x31 Core/Src/system_stm32f0xx.o
 .ARM.attributes
                0x0000000000000203       0x21 Core/Startup/startup_stm32f070cbtx.o
 .ARM.attributes
                0x0000000000000224       0x31 Drivers/STM32F0xx_HAL_Driver/Src/stm32f0xx_hal.o
 .ARM.attributes
                0x0000000000000255       0x31 Drivers/STM32F0xx_HAL_Driver/Src/stm32f0xx_hal_cortex.o
 .ARM.attributes
                0x0000000000000286       0x31 Drivers/STM32F0xx_HAL_Driver/Src/stm32f0xx_hal_gpio.o
 .ARM.attributes
                0x00000000000002b7       0x31 Drivers/STM32F0xx_HAL_Driver/Src/stm32f0xx_hal_i2c.o
 .ARM.attributes
                0x00000000000002e8       0x31 Drivers/STM32F0xx_HAL_Driver/Src/stm32f0xx_hal_i2c_ex.o
 .ARM.attributes
                0x0000000000000319       0x31 Drivers/STM32F0xx_HAL_Driver/Src/stm32f0xx_hal_rcc.o
 .ARM.attributes
                0x000000000000034a       0x31 Drivers/STM32F0xx_HAL_Driver/Src/stm32f0xx_hal_rcc_ex.o
 .ARM.attributes
                0x000000000000037b       0x31 Drivers/STM32F0xx_HAL_Driver/Src/stm32f0xx_hal_tim.o
 .ARM.attributes
                0x00000000000003ac       0x31 Drivers/STM32F0xx_HAL_Driver/Src/stm32f0xx_hal_tim_ex.o
 .ARM.attributes
                0x00000000000003dd       0x31 Drivers/STM32F0xx_HAL_Driver/Src/stm32f0xx_hal_uart.o
 .ARM.attributes
                0x000000000000040e       0x31 Drivers/STM32F0xx_HAL_Driver/Src/stm32f0xx_hal_uart_ex.o
 .ARM.attributes
                0x000000000000043f       0x31 Middlewares/Third_Party/FreeRTOS/Source/CMSIS_RTOS_V2/cmsis_os2.o
 .ARM.attributes
                0x0000000000000470       0x31 Middlewares/Third_Party/FreeRTOS/Source/list.o
 .ARM.attributes
                0x00000000000004a1       0x31 Middlewares/Third_Party/FreeRTOS/Source/queue.o
 .ARM.attributes
                0x00000000000004d2       0x31 Middlewares/Third_Party/FreeRTOS/Source/tasks.o
 .ARM.attributes
                0x0000000000000503       0x31 Middlewares/Third_Party/FreeRTOS/Source/timers.o
 .ARM.attributes
                0x0000000000000534       0x31 Middlewares/Third_Party/FreeRTOS/Source/portable/GCC/ARM_CM0/port.o
 .ARM.attributes
                0x0000000000000565       0x31 Middlewares/Third_Party/FreeRTOS/Source/portable/MemMang/heap_4.o
 .ARM.attributes
                0x0000000000000596       0x2c c:/st/stm32cubeide_1.5.1/stm32cubeide/plugins/com.st.stm32cube.ide.mcu.externaltools.gnu-tools-for-stm32.7-2018-q2-update.win32_1.5.0.202011040924/tools/bin/../lib/gcc/arm-none-eabi/7.3.1/../../../../arm-none-eabi/lib/thumb/v6-m\libc_nano.a(lib_a-init.o)
 .ARM.attributes
                0x00000000000005c2       0x2c c:/st/stm32cubeide_1.5.1/stm32cubeide/plugins/com.st.stm32cube.ide.mcu.externaltools.gnu-tools-for-stm32.7-2018-q2-update.win32_1.5.0.202011040924/tools/bin/../lib/gcc/arm-none-eabi/7.3.1/../../../../arm-none-eabi/lib/thumb/v6-m\libc_nano.a(lib_a-memcpy-stub.o)
 .ARM.attributes
                0x00000000000005ee       0x2c c:/st/stm32cubeide_1.5.1/stm32cubeide/plugins/com.st.stm32cube.ide.mcu.externaltools.gnu-tools-for-stm32.7-2018-q2-update.win32_1.5.0.202011040924/tools/bin/../lib/gcc/arm-none-eabi/7.3.1/../../../../arm-none-eabi/lib/thumb/v6-m\libc_nano.a(lib_a-memset.o)
 .ARM.attributes
                0x000000000000061a       0x1e c:/st/stm32cubeide_1.5.1/stm32cubeide/plugins/com.st.stm32cube.ide.mcu.externaltools.gnu-tools-for-stm32.7-2018-q2-update.win32_1.5.0.202011040924/tools/bin/../lib/gcc/arm-none-eabi/7.3.1/thumb/v6-m\libgcc.a(_udivsi3.o)
 .ARM.attributes
                0x0000000000000638       0x1e c:/st/stm32cubeide_1.5.1/stm32cubeide/plugins/com.st.stm32cube.ide.mcu.externaltools.gnu-tools-for-stm32.7-2018-q2-update.win32_1.5.0.202011040924/tools/bin/../lib/gcc/arm-none-eabi/7.3.1/thumb/v6-m\libgcc.a(_dvmd_tls.o)
 .ARM.attributes
                0x0000000000000656       0x1e c:/st/stm32cubeide_1.5.1/stm32cubeide/plugins/com.st.stm32cube.ide.mcu.externaltools.gnu-tools-for-stm32.7-2018-q2-update.win32_1.5.0.202011040924/tools/bin/../lib/gcc/arm-none-eabi/7.3.1/thumb/v6-m/crtn.o
OUTPUT(firmware.elf elf32-littlearm)

.debug_info     0x0000000000000000    0x1b3bc
 .debug_info    0x0000000000000000      0x344 Core/Src/buttons.o
 .debug_info    0x0000000000000344      0xa38 Core/Src/fonts.o
 .debug_info    0x0000000000000d7c     0x18e5 Core/Src/gm009605.o
 .debug_info    0x0000000000002661     0x21fc Core/Src/main.o
 .debug_info    0x000000000000485d      0x2e0 Core/Src/relays.o
 .debug_info    0x0000000000004b3d      0xdaa Core/Src/stm32f0xx_hal_msp.o
 .debug_info    0x00000000000058e7      0x924 Core/Src/stm32f0xx_hal_timebase_tim.o
 .debug_info    0x000000000000620b      0x94e Core/Src/stm32f0xx_it.o
 .debug_info    0x0000000000006b59      0x29e Core/Src/system_stm32f0xx.o
 .debug_info    0x0000000000006df7       0x22 Core/Startup/startup_stm32f070cbtx.o
 .debug_info    0x0000000000006e19      0x697 Drivers/STM32F0xx_HAL_Driver/Src/stm32f0xx_hal.o
 .debug_info    0x00000000000074b0      0x774 Drivers/STM32F0xx_HAL_Driver/Src/stm32f0xx_hal_cortex.o
 .debug_info    0x0000000000007c24      0x675 Drivers/STM32F0xx_HAL_Driver/Src/stm32f0xx_hal_gpio.o
 .debug_info    0x0000000000008299     0x1fb9 Drivers/STM32F0xx_HAL_Driver/Src/stm32f0xx_hal_i2c.o
 .debug_info    0x000000000000a252      0x86f Drivers/STM32F0xx_HAL_Driver/Src/stm32f0xx_hal_i2c_ex.o
 .debug_info    0x000000000000aac1      0x80a Drivers/STM32F0xx_HAL_Driver/Src/stm32f0xx_hal_rcc.o
 .debug_info    0x000000000000b2cb      0x405 Drivers/STM32F0xx_HAL_Driver/Src/stm32f0xx_hal_rcc_ex.o
 .debug_info    0x000000000000b6d0     0x27c6 Drivers/STM32F0xx_HAL_Driver/Src/stm32f0xx_hal_tim.o
 .debug_info    0x000000000000de96     0x1346 Drivers/STM32F0xx_HAL_Driver/Src/stm32f0xx_hal_tim_ex.o
 .debug_info    0x000000000000f1dc     0x161a Drivers/STM32F0xx_HAL_Driver/Src/stm32f0xx_hal_uart.o
 .debug_info    0x00000000000107f6      0x88f Drivers/STM32F0xx_HAL_Driver/Src/stm32f0xx_hal_uart_ex.o
 .debug_info    0x0000000000011085     0x3703 Middlewares/Third_Party/FreeRTOS/Source/CMSIS_RTOS_V2/cmsis_os2.o
 .debug_info    0x0000000000014788      0xac5 Middlewares/Third_Party/FreeRTOS/Source/list.o
 .debug_info    0x000000000001524d     0x1acb Middlewares/Third_Party/FreeRTOS/Source/queue.o
 .debug_info    0x0000000000016d18     0x219e Middlewares/Third_Party/FreeRTOS/Source/tasks.o
 .debug_info    0x0000000000018eb6     0x1782 Middlewares/Third_Party/FreeRTOS/Source/timers.o
 .debug_info    0x000000000001a638      0x26b Middlewares/Third_Party/FreeRTOS/Source/portable/GCC/ARM_CM0/port.o
 .debug_info    0x000000000001a8a3      0xb19 Middlewares/Third_Party/FreeRTOS/Source/portable/MemMang/heap_4.o

.debug_abbrev   0x0000000000000000     0x38cf
 .debug_abbrev  0x0000000000000000      0x129 Core/Src/buttons.o
 .debug_abbrev  0x0000000000000129      0x1bd Core/Src/fonts.o
 .debug_abbrev  0x00000000000002e6      0x314 Core/Src/gm009605.o
 .debug_abbrev  0x00000000000005fa      0x362 Core/Src/main.o
 .debug_abbrev  0x000000000000095c      0x129 Core/Src/relays.o
 .debug_abbrev  0x0000000000000a85      0x1a0 Core/Src/stm32f0xx_hal_msp.o
 .debug_abbrev  0x0000000000000c25      0x1ac Core/Src/stm32f0xx_hal_timebase_tim.o
 .debug_abbrev  0x0000000000000dd1      0x257 Core/Src/stm32f0xx_it.o
 .debug_abbrev  0x0000000000001028      0x12b Core/Src/system_stm32f0xx.o
 .debug_abbrev  0x0000000000001153       0x12 Core/Startup/startup_stm32f070cbtx.o
 .debug_abbrev  0x0000000000001165      0x1f2 Drivers/STM32F0xx_HAL_Driver/Src/stm32f0xx_hal.o
 .debug_abbrev  0x0000000000001357      0x273 Drivers/STM32F0xx_HAL_Driver/Src/stm32f0xx_hal_cortex.o
 .debug_abbrev  0x00000000000015ca      0x1c0 Drivers/STM32F0xx_HAL_Driver/Src/stm32f0xx_hal_gpio.o
 .debug_abbrev  0x000000000000178a      0x239 Drivers/STM32F0xx_HAL_Driver/Src/stm32f0xx_hal_i2c.o
 .debug_abbrev  0x00000000000019c3      0x1c8 Drivers/STM32F0xx_HAL_Driver/Src/stm32f0xx_hal_i2c_ex.o
 .debug_abbrev  0x0000000000001b8b      0x20f Drivers/STM32F0xx_HAL_Driver/Src/stm32f0xx_hal_rcc.o
 .debug_abbrev  0x0000000000001d9a      0x175 Drivers/STM32F0xx_HAL_Driver/Src/stm32f0xx_hal_rcc_ex.o
 .debug_abbrev  0x0000000000001f0f      0x23f Drivers/STM32F0xx_HAL_Driver/Src/stm32f0xx_hal_tim.o
 .debug_abbrev  0x000000000000214e      0x245 Drivers/STM32F0xx_HAL_Driver/Src/stm32f0xx_hal_tim_ex.o
 .debug_abbrev  0x0000000000002393      0x224 Drivers/STM32F0xx_HAL_Driver/Src/stm32f0xx_hal_uart.o
 .debug_abbrev  0x00000000000025b7      0x19a Drivers/STM32F0xx_HAL_Driver/Src/stm32f0xx_hal_uart_ex.o
 .debug_abbrev  0x0000000000002751      0x366 Middlewares/Third_Party/FreeRTOS/Source/CMSIS_RTOS_V2/cmsis_os2.o
 .debug_abbrev  0x0000000000002ab7      0x1cf Middlewares/Third_Party/FreeRTOS/Source/list.o
 .debug_abbrev  0x0000000000002c86      0x2c4 Middlewares/Third_Party/FreeRTOS/Source/queue.o
 .debug_abbrev  0x0000000000002f4a      0x303 Middlewares/Third_Party/FreeRTOS/Source/tasks.o
 .debug_abbrev  0x000000000000324d      0x2a1 Middlewares/Third_Party/FreeRTOS/Source/timers.o
 .debug_abbrev  0x00000000000034ee      0x1a4 Middlewares/Third_Party/FreeRTOS/Source/portable/GCC/ARM_CM0/port.o
 .debug_abbrev  0x0000000000003692      0x23d Middlewares/Third_Party/FreeRTOS/Source/portable/MemMang/heap_4.o

.debug_aranges  0x0000000000000000     0x17b8
 .debug_aranges
                0x0000000000000000       0x30 Core/Src/buttons.o
 .debug_aranges
                0x0000000000000030       0x20 Core/Src/fonts.o
 .debug_aranges
                0x0000000000000050      0x100 Core/Src/gm009605.o
 .debug_aranges
                0x0000000000000150       0xa8 Core/Src/main.o
 .debug_aranges
                0x00000000000001f8       0x28 Core/Src/relays.o
 .debug_aranges
                0x0000000000000220       0x40 Core/Src/stm32f0xx_hal_msp.o
 .debug_aranges
                0x0000000000000260       0x30 Core/Src/stm32f0xx_hal_timebase_tim.o
 .debug_aranges
                0x0000000000000290       0x78 Core/Src/stm32f0xx_it.o
 .debug_aranges
                0x0000000000000308       0x28 Core/Src/system_stm32f0xx.o
 .debug_aranges
                0x0000000000000330       0x28 Core/Startup/startup_stm32f070cbtx.o
 .debug_aranges
                0x0000000000000358       0xd0 Drivers/STM32F0xx_HAL_Driver/Src/stm32f0xx_hal.o
 .debug_aranges
                0x0000000000000428       0xc0 Drivers/STM32F0xx_HAL_Driver/Src/stm32f0xx_hal_cortex.o
 .debug_aranges
                0x00000000000004e8       0x58 Drivers/STM32F0xx_HAL_Driver/Src/stm32f0xx_hal_gpio.o
 .debug_aranges
                0x0000000000000540      0x290 Drivers/STM32F0xx_HAL_Driver/Src/stm32f0xx_hal_i2c.o
 .debug_aranges
                0x00000000000007d0       0x38 Drivers/STM32F0xx_HAL_Driver/Src/stm32f0xx_hal_i2c_ex.o
 .debug_aranges
                0x0000000000000808       0x80 Drivers/STM32F0xx_HAL_Driver/Src/stm32f0xx_hal_rcc.o
 .debug_aranges
                0x0000000000000888       0x30 Drivers/STM32F0xx_HAL_Driver/Src/stm32f0xx_hal_rcc_ex.o
 .debug_aranges
                0x00000000000008b8      0x3d0 Drivers/STM32F0xx_HAL_Driver/Src/stm32f0xx_hal_tim.o
 .debug_aranges
                0x0000000000000c88      0x168 Drivers/STM32F0xx_HAL_Driver/Src/stm32f0xx_hal_tim_ex.o
 .debug_aranges
                0x0000000000000df0      0x218 Drivers/STM32F0xx_HAL_Driver/Src/stm32f0xx_hal_uart.o
 .debug_aranges
                0x0000000000001008       0x40 Drivers/STM32F0xx_HAL_Driver/Src/stm32f0xx_hal_uart_ex.o
 .debug_aranges
                0x0000000000001048      0x228 Middlewares/Third_Party/FreeRTOS/Source/CMSIS_RTOS_V2/cmsis_os2.o
 .debug_aranges
                0x0000000000001270       0x40 Middlewares/Third_Party/FreeRTOS/Source/list.o
 .debug_aranges
                0x00000000000012b0      0x158 Middlewares/Third_Party/FreeRTOS/Source/queue.o
 .debug_aranges
                0x0000000000001408      0x1f8 Middlewares/Third_Party/FreeRTOS/Source/tasks.o
 .debug_aranges
                0x0000000000001600       0xe0 Middlewares/Third_Party/FreeRTOS/Source/timers.o
 .debug_aranges
                0x00000000000016e0       0x88 Middlewares/Third_Party/FreeRTOS/Source/portable/GCC/ARM_CM0/port.o
 .debug_aranges
                0x0000000000001768       0x50 Middlewares/Third_Party/FreeRTOS/Source/portable/MemMang/heap_4.o

.debug_ranges   0x0000000000000000     0x1630
 .debug_ranges  0x0000000000000000       0x20 Core/Src/buttons.o
 .debug_ranges  0x0000000000000020       0x10 Core/Src/fonts.o
 .debug_ranges  0x0000000000000030       0xf0 Core/Src/gm009605.o
 .debug_ranges  0x0000000000000120       0x98 Core/Src/main.o
 .debug_ranges  0x00000000000001b8       0x18 Core/Src/relays.o
 .debug_ranges  0x00000000000001d0       0x30 Core/Src/stm32f0xx_hal_msp.o
 .debug_ranges  0x0000000000000200       0x20 Core/Src/stm32f0xx_hal_timebase_tim.o
 .debug_ranges  0x0000000000000220       0x68 Core/Src/stm32f0xx_it.o
 .debug_ranges  0x0000000000000288       0x18 Core/Src/system_stm32f0xx.o
 .debug_ranges  0x00000000000002a0       0x20 Core/Startup/startup_stm32f070cbtx.o
 .debug_ranges  0x00000000000002c0       0xc0 Drivers/STM32F0xx_HAL_Driver/Src/stm32f0xx_hal.o
 .debug_ranges  0x0000000000000380       0xb0 Drivers/STM32F0xx_HAL_Driver/Src/stm32f0xx_hal_cortex.o
 .debug_ranges  0x0000000000000430       0x48 Drivers/STM32F0xx_HAL_Driver/Src/stm32f0xx_hal_gpio.o
 .debug_ranges  0x0000000000000478      0x280 Drivers/STM32F0xx_HAL_Driver/Src/stm32f0xx_hal_i2c.o
 .debug_ranges  0x00000000000006f8       0x28 Drivers/STM32F0xx_HAL_Driver/Src/stm32f0xx_hal_i2c_ex.o
 .debug_ranges  0x0000000000000720       0x70 Drivers/STM32F0xx_HAL_Driver/Src/stm32f0xx_hal_rcc.o
 .debug_ranges  0x0000000000000790       0x20 Drivers/STM32F0xx_HAL_Driver/Src/stm32f0xx_hal_rcc_ex.o
 .debug_ranges  0x00000000000007b0      0x3c0 Drivers/STM32F0xx_HAL_Driver/Src/stm32f0xx_hal_tim.o
 .debug_ranges  0x0000000000000b70      0x158 Drivers/STM32F0xx_HAL_Driver/Src/stm32f0xx_hal_tim_ex.o
 .debug_ranges  0x0000000000000cc8      0x238 Drivers/STM32F0xx_HAL_Driver/Src/stm32f0xx_hal_uart.o
 .debug_ranges  0x0000000000000f00       0x30 Drivers/STM32F0xx_HAL_Driver/Src/stm32f0xx_hal_uart_ex.o
 .debug_ranges  0x0000000000000f30      0x218 Middlewares/Third_Party/FreeRTOS/Source/CMSIS_RTOS_V2/cmsis_os2.o
 .debug_ranges  0x0000000000001148       0x30 Middlewares/Third_Party/FreeRTOS/Source/list.o
 .debug_ranges  0x0000000000001178      0x148 Middlewares/Third_Party/FreeRTOS/Source/queue.o
 .debug_ranges  0x00000000000012c0      0x1e8 Middlewares/Third_Party/FreeRTOS/Source/tasks.o
 .debug_ranges  0x00000000000014a8       0xd0 Middlewares/Third_Party/FreeRTOS/Source/timers.o
 .debug_ranges  0x0000000000001578       0x78 Middlewares/Third_Party/FreeRTOS/Source/portable/GCC/ARM_CM0/port.o
 .debug_ranges  0x00000000000015f0       0x40 Middlewares/Third_Party/FreeRTOS/Source/portable/MemMang/heap_4.o

.debug_macro    0x0000000000000000    0x12e1b
 .debug_macro   0x0000000000000000      0x1e0 Core/Src/buttons.o
 .debug_macro   0x00000000000001e0      0xa48 Core/Src/buttons.o
 .debug_macro   0x0000000000000c28      0x133 Core/Src/buttons.o
 .debug_macro   0x0000000000000d5b       0x2e Core/Src/buttons.o
 .debug_macro   0x0000000000000d89       0x22 Core/Src/buttons.o
 .debug_macro   0x0000000000000dab       0x22 Core/Src/buttons.o
 .debug_macro   0x0000000000000dcd       0x8e Core/Src/buttons.o
 .debug_macro   0x0000000000000e5b       0x51 Core/Src/buttons.o
 .debug_macro   0x0000000000000eac       0xef Core/Src/buttons.o
 .debug_macro   0x0000000000000f9b       0x6a Core/Src/buttons.o
 .debug_macro   0x0000000000001005      0x1df Core/Src/buttons.o
 .debug_macro   0x00000000000011e4       0x1c Core/Src/buttons.o
 .debug_macro   0x0000000000001200       0x22 Core/Src/buttons.o
 .debug_macro   0x0000000000001222       0xb5 Core/Src/buttons.o
 .debug_macro   0x00000000000012d7      0x391 Core/Src/buttons.o
 .debug_macro   0x0000000000001668     0x764e Core/Src/buttons.o
 .debug_macro   0x0000000000008cb6       0x3c Core/Src/buttons.o
 .debug_macro   0x0000000000008cf2     0x3461 Core/Src/buttons.o
 .debug_macro   0x000000000000c153      0x174 Core/Src/buttons.o
 .debug_macro   0x000000000000c2c7       0x55 Core/Src/buttons.o
 .debug_macro   0x000000000000c31c      0x924 Core/Src/buttons.o
 .debug_macro   0x000000000000cc40      0x289 Core/Src/buttons.o
 .debug_macro   0x000000000000cec9      0x12f Core/Src/buttons.o
 .debug_macro   0x000000000000cff8      0x130 Core/Src/buttons.o
 .debug_macro   0x000000000000d128      0x1a0 Core/Src/buttons.o
 .debug_macro   0x000000000000d2c8      0x1f4 Core/Src/buttons.o
 .debug_macro   0x000000000000d4bc       0x34 Core/Src/buttons.o
 .debug_macro   0x000000000000d4f0       0x43 Core/Src/buttons.o
 .debug_macro   0x000000000000d533       0x28 Core/Src/buttons.o
 .debug_macro   0x000000000000d55b       0xb0 Core/Src/buttons.o
 .debug_macro   0x000000000000d60b      0x217 Core/Src/buttons.o
 .debug_macro   0x000000000000d822      0x22c Core/Src/buttons.o
 .debug_macro   0x000000000000da4e       0x60 Core/Src/buttons.o
 .debug_macro   0x000000000000daae       0xa5 Core/Src/buttons.o
 .debug_macro   0x000000000000db53       0x4c Core/Src/buttons.o
 .debug_macro   0x000000000000db9f       0x49 Core/Src/buttons.o
 .debug_macro   0x000000000000dbe8      0x8d8 Core/Src/buttons.o
 .debug_macro   0x000000000000e4c0       0x28 Core/Src/buttons.o
 .debug_macro   0x000000000000e4e8      0x55f Core/Src/buttons.o
 .debug_macro   0x000000000000ea47       0x44 Core/Src/buttons.o
 .debug_macro   0x000000000000ea8b      0x11b Core/Src/buttons.o
 .debug_macro   0x000000000000eba6       0xac Core/Src/buttons.o
 .debug_macro   0x000000000000ec52       0x10 Core/Src/buttons.o
 .debug_macro   0x000000000000ec62      0x133 Core/Src/fonts.o
 .debug_macro   0x000000000000ed95       0x46 Core/Src/fonts.o
 .debug_macro   0x000000000000eddb       0x18 Core/Src/fonts.o
 .debug_macro   0x000000000000edf3       0x3c Core/Src/fonts.o
 .debug_macro   0x000000000000ee2f       0x34 Core/Src/fonts.o
 .debug_macro   0x000000000000ee63       0x52 Core/Src/fonts.o
 .debug_macro   0x000000000000eeb5       0x1f Core/Src/fonts.o
 .debug_macro   0x000000000000eed4       0x43 Core/Src/fonts.o
 .debug_macro   0x000000000000ef17       0x20 Core/Src/fonts.o
 .debug_macro   0x000000000000ef37      0x1a3 Core/Src/fonts.o
 .debug_macro   0x000000000000f0da      0x330 Core/Src/fonts.o
 .debug_macro   0x000000000000f40a       0x10 Core/Src/fonts.o
 .debug_macro   0x000000000000f41a       0x35 Core/Src/fonts.o
 .debug_macro   0x000000000000f44f       0x20 Core/Src/fonts.o
 .debug_macro   0x000000000000f46f      0x318 Core/Src/gm009605.o
 .debug_macro   0x000000000000f787      0x32a Core/Src/gm009605.o
 .debug_macro   0x000000000000fab1       0x16 Core/Src/gm009605.o
 .debug_macro   0x000000000000fac7       0x16 Core/Src/gm009605.o
 .debug_macro   0x000000000000fadd       0x29 Core/Src/gm009605.o
 .debug_macro   0x000000000000fb06       0x1d Core/Src/gm009605.o
 .debug_macro   0x000000000000fb23      0x37d Core/Src/main.o
 .debug_macro   0x000000000000fea0       0x16 Core/Src/main.o
 .debug_macro   0x000000000000feb6       0x5b Core/Src/main.o
 .debug_macro   0x000000000000ff11       0x74 Core/Src/main.o
 .debug_macro   0x000000000000ff85       0xdd Core/Src/main.o
 .debug_macro   0x0000000000010062      0x1e1 Core/Src/relays.o
 .debug_macro   0x0000000000010243      0x1d1 Core/Src/stm32f0xx_hal_msp.o
 .debug_macro   0x0000000000010414      0x1c2 Core/Src/stm32f0xx_hal_timebase_tim.o
 .debug_macro   0x00000000000105d6      0x278 Core/Src/stm32f0xx_it.o
 .debug_macro   0x000000000001084e       0x8d Core/Src/stm32f0xx_it.o
 .debug_macro   0x00000000000108db       0x9a Core/Src/stm32f0xx_it.o
 .debug_macro   0x0000000000010975      0x1c2 Core/Src/system_stm32f0xx.o
 .debug_macro   0x0000000000010b37      0x1e6 Drivers/STM32F0xx_HAL_Driver/Src/stm32f0xx_hal.o
 .debug_macro   0x0000000000010d1d      0x1c2 Drivers/STM32F0xx_HAL_Driver/Src/stm32f0xx_hal_cortex.o
 .debug_macro   0x0000000000010edf      0x1fa Drivers/STM32F0xx_HAL_Driver/Src/stm32f0xx_hal_gpio.o
 .debug_macro   0x00000000000110d9      0x287 Drivers/STM32F0xx_HAL_Driver/Src/stm32f0xx_hal_i2c.o
 .debug_macro   0x0000000000011360      0x1c2 Drivers/STM32F0xx_HAL_Driver/Src/stm32f0xx_hal_i2c_ex.o
 .debug_macro   0x0000000000011522      0x1d4 Drivers/STM32F0xx_HAL_Driver/Src/stm32f0xx_hal_rcc.o
 .debug_macro   0x00000000000116f6      0x1c2 Drivers/STM32F0xx_HAL_Driver/Src/stm32f0xx_hal_rcc_ex.o
 .debug_macro   0x00000000000118b8      0x1c3 Drivers/STM32F0xx_HAL_Driver/Src/stm32f0xx_hal_tim.o
 .debug_macro   0x0000000000011a7b      0x1c2 Drivers/STM32F0xx_HAL_Driver/Src/stm32f0xx_hal_tim_ex.o
 .debug_macro   0x0000000000011c3d      0x1df Drivers/STM32F0xx_HAL_Driver/Src/stm32f0xx_hal_uart.o
 .debug_macro   0x0000000000011e1c      0x1c2 Drivers/STM32F0xx_HAL_Driver/Src/stm32f0xx_hal_uart_ex.o
 .debug_macro   0x0000000000011fde      0x23a Middlewares/Third_Party/FreeRTOS/Source/CMSIS_RTOS_V2/cmsis_os2.o
 .debug_macro   0x0000000000012218       0x10 Middlewares/Third_Party/FreeRTOS/Source/CMSIS_RTOS_V2/cmsis_os2.o
 .debug_macro   0x0000000000012228       0xa9 Middlewares/Third_Party/FreeRTOS/Source/CMSIS_RTOS_V2/cmsis_os2.o
 .debug_macro   0x00000000000122d1       0x91 Middlewares/Third_Party/FreeRTOS/Source/CMSIS_RTOS_V2/cmsis_os2.o
 .debug_macro   0x0000000000012362      0x17a Middlewares/Third_Party/FreeRTOS/Source/list.o
 .debug_macro   0x00000000000124dc      0x205 Middlewares/Third_Party/FreeRTOS/Source/queue.o
 .debug_macro   0x00000000000126e1       0x16 Middlewares/Third_Party/FreeRTOS/Source/queue.o
 .debug_macro   0x00000000000126f7      0x27a Middlewares/Third_Party/FreeRTOS/Source/tasks.o
 .debug_macro   0x0000000000012971       0x10 Middlewares/Third_Party/FreeRTOS/Source/tasks.o
 .debug_macro   0x0000000000012981      0x1bd Middlewares/Third_Party/FreeRTOS/Source/timers.o
 .debug_macro   0x0000000000012b3e      0x13c Middlewares/Third_Party/FreeRTOS/Source/portable/GCC/ARM_CM0/port.o
 .debug_macro   0x0000000000012c7a      0x1a1 Middlewares/Third_Party/FreeRTOS/Source/portable/MemMang/heap_4.o

.debug_line     0x0000000000000000    0x13ec0
 .debug_line    0x0000000000000000      0x718 Core/Src/buttons.o
 .debug_line    0x0000000000000718      0x4fe Core/Src/fonts.o
 .debug_line    0x0000000000000c16      0xce4 Core/Src/gm009605.o
 .debug_line    0x00000000000018fa      0xbd1 Core/Src/main.o
 .debug_line    0x00000000000024cb      0x6fa Core/Src/relays.o
 .debug_line    0x0000000000002bc5      0x769 Core/Src/stm32f0xx_hal_msp.o
 .debug_line    0x000000000000332e      0x711 Core/Src/stm32f0xx_hal_timebase_tim.o
 .debug_line    0x0000000000003a3f      0x9b5 Core/Src/stm32f0xx_it.o
 .debug_line    0x00000000000043f4      0x6f9 Core/Src/system_stm32f0xx.o
 .debug_line    0x0000000000004aed       0x89 Core/Startup/startup_stm32f070cbtx.o
 .debug_line    0x0000000000004b76      0x893 Drivers/STM32F0xx_HAL_Driver/Src/stm32f0xx_hal.o
 .debug_line    0x0000000000005409      0x8ab Drivers/STM32F0xx_HAL_Driver/Src/stm32f0xx_hal_cortex.o
 .debug_line    0x0000000000005cb4      0x856 Drivers/STM32F0xx_HAL_Driver/Src/stm32f0xx_hal_gpio.o
 .debug_line    0x000000000000650a     0x1acd Drivers/STM32F0xx_HAL_Driver/Src/stm32f0xx_hal_i2c.o
 .debug_line    0x0000000000007fd7      0x79b Drivers/STM32F0xx_HAL_Driver/Src/stm32f0xx_hal_i2c_ex.o
 .debug_line    0x0000000000008772      0x954 Drivers/STM32F0xx_HAL_Driver/Src/stm32f0xx_hal_rcc.o
 .debug_line    0x00000000000090c6      0x7d7 Drivers/STM32F0xx_HAL_Driver/Src/stm32f0xx_hal_rcc_ex.o
 .debug_line    0x000000000000989d     0x22ef Drivers/STM32F0xx_HAL_Driver/Src/stm32f0xx_hal_tim.o
 .debug_line    0x000000000000bb8c     0x1305 Drivers/STM32F0xx_HAL_Driver/Src/stm32f0xx_hal_tim_ex.o
 .debug_line    0x000000000000ce91     0x11dd Drivers/STM32F0xx_HAL_Driver/Src/stm32f0xx_hal_uart.o
 .debug_line    0x000000000000e06e      0x86d Drivers/STM32F0xx_HAL_Driver/Src/stm32f0xx_hal_uart_ex.o
 .debug_line    0x000000000000e8db     0x18ac Middlewares/Third_Party/FreeRTOS/Source/CMSIS_RTOS_V2/cmsis_os2.o
 .debug_line    0x0000000000010187      0x66b Middlewares/Third_Party/FreeRTOS/Source/list.o
 .debug_line    0x00000000000107f2      0xea0 Middlewares/Third_Party/FreeRTOS/Source/queue.o
 .debug_line    0x0000000000011692     0x11f9 Middlewares/Third_Party/FreeRTOS/Source/tasks.o
 .debug_line    0x000000000001288b      0x946 Middlewares/Third_Party/FreeRTOS/Source/timers.o
 .debug_line    0x00000000000131d1      0x5c7 Middlewares/Third_Party/FreeRTOS/Source/portable/GCC/ARM_CM0/port.o
 .debug_line    0x0000000000013798      0x728 Middlewares/Third_Party/FreeRTOS/Source/portable/MemMang/heap_4.o

.debug_str      0x0000000000000000    0x72b27
 .debug_str     0x0000000000000000    0x6167d Core/Src/buttons.o
                                      0x61922 (size before relaxing)
 .debug_str     0x000000000006167d     0x2fc3 Core/Src/fonts.o
                                       0x6ee5 (size before relaxing)
 .debug_str     0x0000000000064640      0xacb Core/Src/gm009605.o
                                      0x650e4 (size before relaxing)
 .debug_str     0x000000000006510b     0x444c Core/Src/main.o
                                      0x69457 (size before relaxing)
 .debug_str     0x0000000000069557       0x30 Core/Src/relays.o
                                      0x618dd (size before relaxing)
 .debug_str     0x0000000000069587       0x7d Core/Src/stm32f0xx_hal_msp.o
                                      0x621aa (size before relaxing)
 .debug_str     0x0000000000069604       0x98 Core/Src/stm32f0xx_hal_timebase_tim.o
                                      0x61d4a (size before relaxing)
 .debug_str     0x000000000006969c     0x12df Core/Src/stm32f0xx_it.o
                                      0x6652d (size before relaxing)
 .debug_str     0x000000000006a97b       0x5f Core/Src/system_stm32f0xx.o
                                      0x61635 (size before relaxing)
 .debug_str     0x000000000006a9da       0x36 Core/Startup/startup_stm32f070cbtx.o
                                         0x71 (size before relaxing)
 .debug_str     0x000000000006aa10      0x2c8 Drivers/STM32F0xx_HAL_Driver/Src/stm32f0xx_hal.o
                                      0x61b5e (size before relaxing)
 .debug_str     0x000000000006acd8      0x18e Drivers/STM32F0xx_HAL_Driver/Src/stm32f0xx_hal_cortex.o
                                      0x61a16 (size before relaxing)
 .debug_str     0x000000000006ae66      0x20e Drivers/STM32F0xx_HAL_Driver/Src/stm32f0xx_hal_gpio.o
                                      0x618d1 (size before relaxing)
 .debug_str     0x000000000006b074      0xdc0 Drivers/STM32F0xx_HAL_Driver/Src/stm32f0xx_hal_i2c.o
                                      0x628e7 (size before relaxing)
 .debug_str     0x000000000006be34       0x89 Drivers/STM32F0xx_HAL_Driver/Src/stm32f0xx_hal_i2c_ex.o
                                      0x61ba4 (size before relaxing)
 .debug_str     0x000000000006bebd      0x22b Drivers/STM32F0xx_HAL_Driver/Src/stm32f0xx_hal_rcc.o
                                      0x61a3f (size before relaxing)
 .debug_str     0x000000000006c0e8       0xb1 Drivers/STM32F0xx_HAL_Driver/Src/stm32f0xx_hal_rcc_ex.o
                                      0x617a2 (size before relaxing)
 .debug_str     0x000000000006c199      0xe47 Drivers/STM32F0xx_HAL_Driver/Src/stm32f0xx_hal_tim.o
                                      0x629e9 (size before relaxing)
 .debug_str     0x000000000006cfe0      0x561 Drivers/STM32F0xx_HAL_Driver/Src/stm32f0xx_hal_tim_ex.o
                                      0x621c3 (size before relaxing)
 .debug_str     0x000000000006d541      0x810 Drivers/STM32F0xx_HAL_Driver/Src/stm32f0xx_hal_uart.o
                                      0x622a6 (size before relaxing)
 .debug_str     0x000000000006dd51       0xf8 Drivers/STM32F0xx_HAL_Driver/Src/stm32f0xx_hal_uart_ex.o
                                      0x61b09 (size before relaxing)
 .debug_str     0x000000000006de49     0x235f Middlewares/Third_Party/FreeRTOS/Source/CMSIS_RTOS_V2/cmsis_os2.o
                                       0xd980 (size before relaxing)
 .debug_str     0x00000000000701a8      0x139 Middlewares/Third_Party/FreeRTOS/Source/list.o
                                       0xa192 (size before relaxing)
 .debug_str     0x00000000000702e1      0x8f4 Middlewares/Third_Party/FreeRTOS/Source/queue.o
                                       0xb955 (size before relaxing)
 .debug_str     0x0000000000070bd5     0x12f3 Middlewares/Third_Party/FreeRTOS/Source/tasks.o
                                       0xc56b (size before relaxing)
 .debug_str     0x0000000000071ec8      0x586 Middlewares/Third_Party/FreeRTOS/Source/timers.o
                                       0xbebb (size before relaxing)
 .debug_str     0x000000000007244e      0x488 Middlewares/Third_Party/FreeRTOS/Source/portable/GCC/ARM_CM0/port.o
                                       0x7ac0 (size before relaxing)
 .debug_str     0x00000000000728d6      0x251 Middlewares/Third_Party/FreeRTOS/Source/portable/MemMang/heap_4.o
                                       0xa896 (size before relaxing)

.comment        0x0000000000000000       0x7b
 .comment       0x0000000000000000       0x7b Core/Src/buttons.o
                                         0x7c (size before relaxing)
 .comment       0x000000000000007b       0x7c Core/Src/fonts.o
 .comment       0x000000000000007b       0x7c Core/Src/gm009605.o
 .comment       0x000000000000007b       0x7c Core/Src/main.o
 .comment       0x000000000000007b       0x7c Core/Src/relays.o
 .comment       0x000000000000007b       0x7c Core/Src/stm32f0xx_hal_msp.o
 .comment       0x000000000000007b       0x7c Core/Src/stm32f0xx_hal_timebase_tim.o
 .comment       0x000000000000007b       0x7c Core/Src/stm32f0xx_it.o
 .comment       0x000000000000007b       0x7c Core/Src/system_stm32f0xx.o
 .comment       0x000000000000007b       0x7c Drivers/STM32F0xx_HAL_Driver/Src/stm32f0xx_hal.o
 .comment       0x000000000000007b       0x7c Drivers/STM32F0xx_HAL_Driver/Src/stm32f0xx_hal_cortex.o
 .comment       0x000000000000007b       0x7c Drivers/STM32F0xx_HAL_Driver/Src/stm32f0xx_hal_gpio.o
 .comment       0x000000000000007b       0x7c Drivers/STM32F0xx_HAL_Driver/Src/stm32f0xx_hal_i2c.o
 .comment       0x000000000000007b       0x7c Drivers/STM32F0xx_HAL_Driver/Src/stm32f0xx_hal_i2c_ex.o
 .comment       0x000000000000007b       0x7c Drivers/STM32F0xx_HAL_Driver/Src/stm32f0xx_hal_rcc.o
 .comment       0x000000000000007b       0x7c Drivers/STM32F0xx_HAL_Driver/Src/stm32f0xx_hal_rcc_ex.o
 .comment       0x000000000000007b       0x7c Drivers/STM32F0xx_HAL_Driver/Src/stm32f0xx_hal_tim.o
 .comment       0x000000000000007b       0x7c Drivers/STM32F0xx_HAL_Driver/Src/stm32f0xx_hal_tim_ex.o
 .comment       0x000000000000007b       0x7c Drivers/STM32F0xx_HAL_Driver/Src/stm32f0xx_hal_uart.o
 .comment       0x000000000000007b       0x7c Drivers/STM32F0xx_HAL_Driver/Src/stm32f0xx_hal_uart_ex.o
 .comment       0x000000000000007b       0x7c Middlewares/Third_Party/FreeRTOS/Source/CMSIS_RTOS_V2/cmsis_os2.o
 .comment       0x000000000000007b       0x7c Middlewares/Third_Party/FreeRTOS/Source/list.o
 .comment       0x000000000000007b       0x7c Middlewares/Third_Party/FreeRTOS/Source/queue.o
 .comment       0x000000000000007b       0x7c Middlewares/Third_Party/FreeRTOS/Source/tasks.o
 .comment       0x000000000000007b       0x7c Middlewares/Third_Party/FreeRTOS/Source/timers.o
 .comment       0x000000000000007b       0x7c Middlewares/Third_Party/FreeRTOS/Source/portable/GCC/ARM_CM0/port.o
 .comment       0x000000000000007b       0x7c Middlewares/Third_Party/FreeRTOS/Source/portable/MemMang/heap_4.o

.debug_frame    0x0000000000000000     0x5574
 .debug_frame   0x0000000000000000       0x70 Core/Src/buttons.o
 .debug_frame   0x0000000000000070       0x30 Core/Src/fonts.o
 .debug_frame   0x00000000000000a0      0x3c0 Core/Src/gm009605.o
 .debug_frame   0x0000000000000460      0x23c Core/Src/main.o
 .debug_frame   0x000000000000069c       0x50 Core/Src/relays.o
 .debug_frame   0x00000000000006ec       0xb0 Core/Src/stm32f0xx_hal_msp.o
 .debug_frame   0x000000000000079c       0x68 Core/Src/stm32f0xx_hal_timebase_tim.o
 .debug_frame   0x0000000000000804      0x170 Core/Src/stm32f0xx_it.o
 .debug_frame   0x0000000000000974       0x4c Core/Src/system_stm32f0xx.o
 .debug_frame   0x00000000000009c0      0x2a4 Drivers/STM32F0xx_HAL_Driver/Src/stm32f0xx_hal.o
 .debug_frame   0x0000000000000c64      0x2a0 Drivers/STM32F0xx_HAL_Driver/Src/stm32f0xx_hal_cortex.o
 .debug_frame   0x0000000000000f04      0x110 Drivers/STM32F0xx_HAL_Driver/Src/stm32f0xx_hal_gpio.o
 .debug_frame   0x0000000000001014      0xa20 Drivers/STM32F0xx_HAL_Driver/Src/stm32f0xx_hal_i2c.o
 .debug_frame   0x0000000000001a34       0x90 Drivers/STM32F0xx_HAL_Driver/Src/stm32f0xx_hal_i2c_ex.o
 .debug_frame   0x0000000000001ac4      0x198 Drivers/STM32F0xx_HAL_Driver/Src/stm32f0xx_hal_rcc.o
 .debug_frame   0x0000000000001c5c       0x70 Drivers/STM32F0xx_HAL_Driver/Src/stm32f0xx_hal_rcc_ex.o
 .debug_frame   0x0000000000001ccc      0xef0 Drivers/STM32F0xx_HAL_Driver/Src/stm32f0xx_hal_tim.o
 .debug_frame   0x0000000000002bbc      0x550 Drivers/STM32F0xx_HAL_Driver/Src/stm32f0xx_hal_tim_ex.o
 .debug_frame   0x000000000000310c      0x810 Drivers/STM32F0xx_HAL_Driver/Src/stm32f0xx_hal_uart.o
 .debug_frame   0x000000000000391c       0xb8 Drivers/STM32F0xx_HAL_Driver/Src/stm32f0xx_hal_uart_ex.o
 .debug_frame   0x00000000000039d4      0x84c Middlewares/Third_Party/FreeRTOS/Source/CMSIS_RTOS_V2/cmsis_os2.o
 .debug_frame   0x0000000000004220       0xb0 Middlewares/Third_Party/FreeRTOS/Source/list.o
 .debug_frame   0x00000000000042d0      0x510 Middlewares/Third_Party/FreeRTOS/Source/queue.o
 .debug_frame   0x00000000000047e0      0x77c Middlewares/Third_Party/FreeRTOS/Source/tasks.o
 .debug_frame   0x0000000000004f5c      0x32c Middlewares/Third_Party/FreeRTOS/Source/timers.o
 .debug_frame   0x0000000000005288      0x174 Middlewares/Third_Party/FreeRTOS/Source/portable/GCC/ARM_CM0/port.o
 .debug_frame   0x00000000000053fc       0xe4 Middlewares/Third_Party/FreeRTOS/Source/portable/MemMang/heap_4.o
 .debug_frame   0x00000000000054e0       0x2c c:/st/stm32cubeide_1.5.1/stm32cubeide/plugins/com.st.stm32cube.ide.mcu.externaltools.gnu-tools-for-stm32.7-2018-q2-update.win32_1.5.0.202011040924/tools/bin/../lib/gcc/arm-none-eabi/7.3.1/../../../../arm-none-eabi/lib/thumb/v6-m\libc_nano.a(lib_a-init.o)